$ ansible-playbook RHEL9.3_provisioning.yml -i hosts_RHEL --ask-vault-password --ask-become-pass

PLAY [DNS record for the bare metal RHEL server] *******************************

TASK [Add 'RHEL-1' with '192.168.3.176' on 'dc.lj.lab' in 'lj.lab' DNS domain] ***
changed: [RHEL-1 -> dc.lj.lab]
changed: [RHEL-2 -> dc.lj.lab]

PLAY [Automated RHEL 9.3 installation on HPE Compute Ops Managmeent server(s) using an auto-generated ISO file with customized kickstart.] ***

TASK [Gather subset facts on localhost] ****************************************
ok: [RHEL-1 -> localhost]
ok: [RHEL-2 -> localhost]

TASK [Capture the start time (will be used later to filter COM activities and get the runtime of the playbook)] ***
ok: [RHEL-1]
ok: [RHEL-2]

TASK [debug] *******************************************************************
ok: [RHEL-1] => {
    "start_time": "2026-07-23T14:08:28Z"
}
ok: [RHEL-2] => {
    "start_time": "2026-07-23T14:08:28Z"
}

TASK [Set fact for the first host in inventory] ********************************
ok: [RHEL-1]
ok: [RHEL-2]

TASK [Create HPE Compute Ops Management session] *******************************
ok: [RHEL-1 -> localhost]
ok: [RHEL-2 -> localhost]

TASK [Set variable access_token for the bearer token] **************************
ok: [RHEL-1]
ok: [RHEL-2]

TASK [Capture all job templates] ***********************************************
ok: [RHEL-2 -> localhost]
ok: [RHEL-1 -> localhost]

TASK [Set a variable for all job templates items] ******************************
ok: [RHEL-1]
ok: [RHEL-2]

TASK [Set variables for each job template id] **********************************
ok: [RHEL-1] => (item=Variable set: AnalyzeFirmwareUpdate_job_template_id = 5a657c6f-777d-4c7e-874a-1650b95b37f2)
ok: [RHEL-1] => (item=Variable set: AnalyzeFirmwareUpdateOrchestrator_job_template_id = 87f47eff-7245-4788-bf58-5b6af361d1ba)
ok: [RHEL-1] => (item=Variable set: ApplianceUpdate_job_template_id = 1c4ac4be-8eeb-49f2-a86a-fd8c9182616c)
ok: [RHEL-1] => (item=Variable set: ApplySettingsTemplate_job_template_id = 2d0f40f7-2a07-4c74-92e1-d1afaf49e632)
ok: [RHEL-2] => (item=Variable set: AnalyzeFirmwareUpdate_job_template_id = 5a657c6f-777d-4c7e-874a-1650b95b37f2)
ok: [RHEL-1] => (item=Variable set: CalculateiLOSettingsCompliance_job_template_id = 497a5418-cbc2-4870-a1e7-1fc30c885f2f)
ok: [RHEL-2] => (item=Variable set: AnalyzeFirmwareUpdateOrchestrator_job_template_id = 87f47eff-7245-4788-bf58-5b6af361d1ba)
ok: [RHEL-1] => (item=Variable set: ColdBoot_job_template_id = aacfb3e0-6575-4d4f-a711-1ee1ae768407)
ok: [RHEL-2] => (item=Variable set: ApplianceUpdate_job_template_id = 1c4ac4be-8eeb-49f2-a86a-fd8c9182616c)
ok: [RHEL-1] => (item=Variable set: CollectServerLogs_job_template_id = 2d744494-22d4-4d61-8c65-647ccadeb6b6)
ok: [RHEL-2] => (item=Variable set: ApplySettingsTemplate_job_template_id = 2d0f40f7-2a07-4c74-92e1-d1afaf49e632)
ok: [RHEL-1] => (item=Variable set: CopyServerProfileTemplates_job_template_id = 7134bdd9-dead-40e2-baef-a23b0e6c0bd5)
ok: [RHEL-2] => (item=Variable set: CalculateiLOSettingsCompliance_job_template_id = 497a5418-cbc2-4870-a1e7-1fc30c885f2f)
ok: [RHEL-1] => (item=Variable set: CreateOneviewComplianceReport_job_template_id = aae145a1-79a2-4516-b191-c98039c96542)
ok: [RHEL-2] => (item=Variable set: ColdBoot_job_template_id = aacfb3e0-6575-4d4f-a711-1ee1ae768407)
ok: [RHEL-1] => (item=Variable set: DeleteVCenter_job_template_id = 3f06fd6b-dfb1-4bad-bd04-939951797e97)
ok: [RHEL-2] => (item=Variable set: CollectServerLogs_job_template_id = 2d744494-22d4-4d61-8c65-647ccadeb6b6)
ok: [RHEL-1] => (item=Variable set: FirmwareDownload_job_template_id = 0683ada8-1a89-49dd-bf04-6df715b708a6)
ok: [RHEL-2] => (item=Variable set: CopyServerProfileTemplates_job_template_id = 7134bdd9-dead-40e2-baef-a23b0e6c0bd5)
ok: [RHEL-1] => (item=Variable set: FirmwareUpdate_New_job_template_id = fd54a96c-cabc-42e3-aee3-374a2d009dba)
ok: [RHEL-2] => (item=Variable set: CreateOneviewComplianceReport_job_template_id = aae145a1-79a2-4516-b191-c98039c96542)
ok: [RHEL-1] => (item=Variable set: GatewayDiscoverIlos_job_template_id = d0afcc35-c6a9-4d05-adc8-f9e686b5fdfc)
ok: [RHEL-2] => (item=Variable set: DeleteVCenter_job_template_id = 3f06fd6b-dfb1-4bad-bd04-939951797e97)
ok: [RHEL-1] => (item=Variable set: GatewayReboot_job_template_id = 91afe709-8b0d-4162-81d5-2a365e0359f3)
ok: [RHEL-2] => (item=Variable set: FirmwareDownload_job_template_id = 0683ada8-1a89-49dd-bf04-6df715b708a6)
ok: [RHEL-1] => (item=Variable set: GetDeviceAndSoftwareInventory_job_template_id = ee5d8016-6b9f-4410-9d55-e05e3e86a0c8)
ok: [RHEL-2] => (item=Variable set: FirmwareUpdate_New_job_template_id = fd54a96c-cabc-42e3-aee3-374a2d009dba)
ok: [RHEL-1] => (item=Variable set: GetFullServerInventory_job_template_id = d6595f1b-84e6-4587-ade5-656e2a5ea20d)
ok: [RHEL-2] => (item=Variable set: GatewayDiscoverIlos_job_template_id = d0afcc35-c6a9-4d05-adc8-f9e686b5fdfc)
ok: [RHEL-1] => (item=Variable set: GetIloSecurityParams_job_template_id = e3fef4ec-eb72-43ff-bea5-13501353b501)
ok: [RHEL-2] => (item=Variable set: GatewayReboot_job_template_id = 91afe709-8b0d-4162-81d5-2a365e0359f3)
ok: [RHEL-1] => (item=Variable set: GetOneviewServerInventory_job_template_id = a0124cb1-00f1-46b7-818f-a9eb5f60591f)
ok: [RHEL-2] => (item=Variable set: GetDeviceAndSoftwareInventory_job_template_id = ee5d8016-6b9f-4410-9d55-e05e3e86a0c8)
ok: [RHEL-1] => (item=Variable set: GetOneViewSettings_job_template_id = fc16aa48-c73c-4463-9112-e061383ebfa9)
ok: [RHEL-2] => (item=Variable set: GetFullServerInventory_job_template_id = d6595f1b-84e6-4587-ade5-656e2a5ea20d)
ok: [RHEL-1] => (item=Variable set: GetPowerMeterData_job_template_id = 50fa7d05-5941-4e8e-90c3-5995f1d600a8)
ok: [RHEL-2] => (item=Variable set: GetIloSecurityParams_job_template_id = e3fef4ec-eb72-43ff-bea5-13501353b501)
ok: [RHEL-1] => (item=Variable set: GetServerExternalStorage_job_template_id = 9310319e-7b7f-41ba-8b24-8b34eed1ca62)
ok: [RHEL-2] => (item=Variable set: GetOneviewServerInventory_job_template_id = a0124cb1-00f1-46b7-818f-a9eb5f60591f)
ok: [RHEL-1] => (item=Variable set: GetSettingsForTemplate_job_template_id = 6cd671db-ce6b-45ce-894e-7b5ae23e0399)
ok: [RHEL-1] => (item=Variable set: GetSSOUrl_job_template_id = 2c7de503-77af-4340-b68d-7a26e5359b8e)
ok: [RHEL-2] => (item=Variable set: GetOneViewSettings_job_template_id = fc16aa48-c73c-4463-9112-e061383ebfa9)
ok: [RHEL-2] => (item=Variable set: GetPowerMeterData_job_template_id = 50fa7d05-5941-4e8e-90c3-5995f1d600a8)
ok: [RHEL-1] => (item=Variable set: GetTelemetryDriveMetrics_job_template_id = ee46afcf-4f47-45b5-a958-cb9b02bb0e00)
ok: [RHEL-1] => (item=Variable set: GroupAddActions_job_template_id = 3eeff1ea-8419-4335-aaf3-796ef50789ba)
ok: [RHEL-2] => (item=Variable set: GetServerExternalStorage_job_template_id = 9310319e-7b7f-41ba-8b24-8b34eed1ca62)
ok: [RHEL-1] => (item=Variable set: GroupApplianceUpdate_job_template_id = f69f553a-5004-4a08-9283-5b60abd9eb4a)
ok: [RHEL-2] => (item=Variable set: GetSettingsForTemplate_job_template_id = 6cd671db-ce6b-45ce-894e-7b5ae23e0399)
ok: [RHEL-1] => (item=Variable set: GroupApplyExternalStorage_job_template_id = fcb79270-5954-42e9-9374-6a065b6d494a)
ok: [RHEL-2] => (item=Variable set: GetSSOUrl_job_template_id = 2c7de503-77af-4340-b68d-7a26e5359b8e)
ok: [RHEL-1] => (item=Variable set: GroupApplyInternalStorageSettings_job_template_id = 54095626-3911-4fea-9741-816e2531994e)
ok: [RHEL-2] => (item=Variable set: GetTelemetryDriveMetrics_job_template_id = ee46afcf-4f47-45b5-a958-cb9b02bb0e00)
ok: [RHEL-1] => (item=Variable set: GroupApplyOneviewSettings_job_template_id = a229a162-b43f-45b0-b7bb-692df77b9746)
ok: [RHEL-2] => (item=Variable set: GroupAddActions_job_template_id = 3eeff1ea-8419-4335-aaf3-796ef50789ba)
ok: [RHEL-1] => (item=Variable set: GroupApplyServerSettings_job_template_id = beff07ce-f36d-4699-9ac3-f872dcd63133)
ok: [RHEL-2] => (item=Variable set: GroupApplianceUpdate_job_template_id = f69f553a-5004-4a08-9283-5b60abd9eb4a)
ok: [RHEL-1] => (item=Variable set: GroupCopyServerProfileTemplates_job_template_id = db3620d4-19a4-4b54-9804-83f8f59d48a4)
ok: [RHEL-2] => (item=Variable set: GroupApplyExternalStorage_job_template_id = fcb79270-5954-42e9-9374-6a065b6d494a)
ok: [RHEL-1] => (item=Variable set: GroupExternalStorageCompliance_job_template_id = 7177aa6a-e8f8-4e9b-ae31-e01dafcc81df)
ok: [RHEL-2] => (item=Variable set: GroupApplyInternalStorageSettings_job_template_id = 54095626-3911-4fea-9741-816e2531994e)
ok: [RHEL-1] => (item=Variable set: GroupFirmwareCompliance_job_template_id = 23b8ba2a-6c46-4223-b028-919382c7dcac)
ok: [RHEL-2] => (item=Variable set: GroupApplyOneviewSettings_job_template_id = a229a162-b43f-45b0-b7bb-692df77b9746)
ok: [RHEL-1] => (item=Variable set: GroupFirmwareDownload_job_template_id = a17a7aa9-4540-4c21-bbf2-31af4ff65e98)
ok: [RHEL-2] => (item=Variable set: GroupApplyServerSettings_job_template_id = beff07ce-f36d-4699-9ac3-f872dcd63133)
ok: [RHEL-2] => (item=Variable set: GroupCopyServerProfileTemplates_job_template_id = db3620d4-19a4-4b54-9804-83f8f59d48a4)
ok: [RHEL-1] => (item=Variable set: GroupFirmwareUpdate_job_template_id = 91159b5e-9eeb-11ec-a9da-00155dc0a0c0)
ok: [RHEL-2] => (item=Variable set: GroupExternalStorageCompliance_job_template_id = 7177aa6a-e8f8-4e9b-ae31-e01dafcc81df)
ok: [RHEL-1] => (item=Variable set: GroupGetIloSecurityParams_job_template_id = 08be2b1b-a9b3-4abb-82a2-8048f35dbccb)
ok: [RHEL-2] => (item=Variable set: GroupFirmwareCompliance_job_template_id = 23b8ba2a-6c46-4223-b028-919382c7dcac)
ok: [RHEL-1] => (item=Variable set: GroupIloFirmwareUpdate_job_template_id = 512fb1f2-516f-4bda-bc84-e623947858e4)
ok: [RHEL-2] => (item=Variable set: GroupFirmwareDownload_job_template_id = a17a7aa9-4540-4c21-bbf2-31af4ff65e98)
ok: [RHEL-1] => (item=Variable set: GroupiLOSettingsCompliance_job_template_id = a55c8b26-3c57-4044-a4ee-1d0e3c108286)
ok: [RHEL-2] => (item=Variable set: GroupFirmwareUpdate_job_template_id = 91159b5e-9eeb-11ec-a9da-00155dc0a0c0)
ok: [RHEL-1] => (item=Variable set: GroupOSInstallation_job_template_id = e2952628-2629-4088-93db-91742304ef0c)
ok: [RHEL-2] => (item=Variable set: GroupGetIloSecurityParams_job_template_id = 08be2b1b-a9b3-4abb-82a2-8048f35dbccb)
ok: [RHEL-1] => (item=Variable set: GroupServerInventoryReport_job_template_id = 2dfe138a-21b7-4797-8c6b-4d8e7e5f847c)
ok: [RHEL-2] => (item=Variable set: GroupIloFirmwareUpdate_job_template_id = 512fb1f2-516f-4bda-bc84-e623947858e4)
ok: [RHEL-1] => (item=Variable set: IloOnlyFirmwareUpdate_job_template_id = 94caa4ef-9ff8-4805-9e97-18a09e673b66)
ok: [RHEL-2] => (item=Variable set: GroupiLOSettingsCompliance_job_template_id = a55c8b26-3c57-4044-a4ee-1d0e3c108286)
ok: [RHEL-1] => (item=Variable set: iLOSecurity_job_template_id = e1d69e76-38cc-4079-9192-a380baea2973)
ok: [RHEL-2] => (item=Variable set: GroupOSInstallation_job_template_id = e2952628-2629-4088-93db-91742304ef0c)
ok: [RHEL-1] => (item=Variable set: OrchestratorAddUpdateServerTemplates_job_template_id = abfda355-6e58-4c00-be0a-af35dbd70398)
ok: [RHEL-2] => (item=Variable set: GroupServerInventoryReport_job_template_id = 2dfe138a-21b7-4797-8c6b-4d8e7e5f847c)
ok: [RHEL-1] => (item=Variable set: OrchestratorDriveMetrics_job_template_id = 1f3ca251-a008-4fed-b53e-6521cce61b97)
ok: [RHEL-2] => (item=Variable set: IloOnlyFirmwareUpdate_job_template_id = 94caa4ef-9ff8-4805-9e97-18a09e673b66)
ok: [RHEL-1] => (item=Variable set: PowerOff_New_job_template_id = d0c13b58-748c-461f-9a61-c0c5c71f1bb4)
ok: [RHEL-2] => (item=Variable set: iLOSecurity_job_template_id = e1d69e76-38cc-4079-9192-a380baea2973)
ok: [RHEL-1] => (item=Variable set: PowerOn_New_job_template_id = 0cbb2377-1834-488d-840c-d5bf788c34fb)
ok: [RHEL-2] => (item=Variable set: OrchestratorAddUpdateServerTemplates_job_template_id = abfda355-6e58-4c00-be0a-af35dbd70398)
ok: [RHEL-1] => (item=Variable set: ReconnectCredentialServer_job_template_id = d9713316-58f3-464e-bc69-1dd0728fa0d5)
ok: [RHEL-2] => (item=Variable set: OrchestratorDriveMetrics_job_template_id = 1f3ca251-a008-4fed-b53e-6521cce61b97)
ok: [RHEL-1] => (item=Variable set: ResetIlo_job_template_id = 394b492c-8d88-4e4e-a775-1a95cb5f1065)
ok: [RHEL-1] => (item=Variable set: Restart_New_job_template_id = 30110551-cad6-4069-95b8-dbce9bbd8525)
ok: [RHEL-2] => (item=Variable set: PowerOff_New_job_template_id = d0c13b58-748c-461f-9a61-c0c5c71f1bb4)
ok: [RHEL-1] => (item=Variable set: ServerMaintenanceModeDisable_job_template_id = 2798720f-b090-427d-b210-e48d33ce2f27)
ok: [RHEL-2] => (item=Variable set: PowerOn_New_job_template_id = 0cbb2377-1834-488d-840c-d5bf788c34fb)
ok: [RHEL-1] => (item=Variable set: ServerMaintenanceModeEnable_job_template_id = 4eb92af1-1ce4-4cb0-8581-fb5a7dcdbf2b)
ok: [RHEL-2] => (item=Variable set: ReconnectCredentialServer_job_template_id = d9713316-58f3-464e-bc69-1dd0728fa0d5)
ok: [RHEL-2] => (item=Variable set: ResetIlo_job_template_id = 394b492c-8d88-4e4e-a775-1a95cb5f1065)
ok: [RHEL-1] => (item=Variable set: ServerNetworkConnectivity_job_template_id = b21ca9e2-8a1b-11ee-b9d1-0242ac120002)
ok: [RHEL-1] => (item=Variable set: SetIloSettings_job_template_id = cf4f929b-d44a-4a90-93a9-820955458fd4)
ok: [RHEL-2] => (item=Variable set: Restart_New_job_template_id = 30110551-cad6-4069-95b8-dbce9bbd8525)
ok: [RHEL-1] => (item=Variable set: UidIndicatorOff_job_template_id = fd837434-a2f2-4bc8-b1b4-ec068bd036aa)
ok: [RHEL-2] => (item=Variable set: ServerMaintenanceModeDisable_job_template_id = 2798720f-b090-427d-b210-e48d33ce2f27)
ok: [RHEL-1] => (item=Variable set: UidIndicatorOn_job_template_id = a46b210a-b0c7-4223-ab43-c4c1e77e680c)
ok: [RHEL-2] => (item=Variable set: ServerMaintenanceModeEnable_job_template_id = 4eb92af1-1ce4-4cb0-8581-fb5a7dcdbf2b)
ok: [RHEL-1] => (item=Variable set: UpdateCredentialBasedServer_job_template_id = f399e08a-6fed-45ba-a646-88d20691ff0f)
ok: [RHEL-2] => (item=Variable set: ServerNetworkConnectivity_job_template_id = b21ca9e2-8a1b-11ee-b9d1-0242ac120002)
ok: [RHEL-1] => (item=Variable set: VcenterFirmwareBundlesSync_job_template_id = 0fe73adb-9d52-4f00-9540-6ec82f265d82)
ok: [RHEL-2] => (item=Variable set: SetIloSettings_job_template_id = cf4f929b-d44a-4a90-93a9-820955458fd4)
ok: [RHEL-2] => (item=Variable set: UidIndicatorOff_job_template_id = fd837434-a2f2-4bc8-b1b4-ec068bd036aa)
ok: [RHEL-2] => (item=Variable set: UidIndicatorOn_job_template_id = a46b210a-b0c7-4223-ab43-c4c1e77e680c)
ok: [RHEL-2] => (item=Variable set: UpdateCredentialBasedServer_job_template_id = f399e08a-6fed-45ba-a646-88d20691ff0f)
ok: [RHEL-2] => (item=Variable set: VcenterFirmwareBundlesSync_job_template_id = 0fe73adb-9d52-4f00-9540-6ec82f265d82)

TASK [Ensure hostname is supported for RHEL server 'RHEL-1'] *******************
ok: [RHEL-1] => {
    "changed": false,
    "msg": "All assertions passed"
}
ok: [RHEL-2] => {
    "changed": false,
    "msg": "All assertions passed"
}

TASK [Capture server 'CZ2311004H' information] *********************************
ok: [RHEL-1 -> localhost]
ok: [RHEL-2 -> localhost]

TASK [Exit if server 'CZ2311004H' does not exist] ******************************
skipping: [RHEL-1]
skipping: [RHEL-2]

TASK [Capture server 'CZ2311004H' id, uri and connection status] ***************
ok: [RHEL-1]
ok: [RHEL-2]

TASK [Exit if server 'CZ2311004H' is not connected to COM] *********************
skipping: [RHEL-1]
skipping: [RHEL-2]

TASK [Wait until server 'CZ2311004H' hardware information (generation, model, power state) is populated] ***
ok: [RHEL-2 -> localhost]
ok: [RHEL-1 -> localhost]

TASK [Capture server 'CZ2311004H' generation, model, power state and iLO IP] ***
ok: [RHEL-1]
ok: [RHEL-2]

TASK [debug] *******************************************************************
ok: [RHEL-1] => {
    "msg": [
        "Generation: GEN_10",
        "Model: ProLiant DL360 Gen10 Plus",
        "ID: P28948-B21+CZ2311004H",
        "URI: /compute-ops-mgmt/v1beta2/servers/P28948-B21+CZ2311004H",
        "Connection status: True",
        "iLO IP: 192.168.0.21",
        "Power state: OFF"
    ]
}
ok: [RHEL-2] => {
    "msg": [
        "Generation: GEN_11",
        "Model: ProLiant DL365 Gen11",
        "ID: P53933-B21+CZJ3100GD9",
        "URI: /compute-ops-mgmt/v1beta2/servers/P53933-B21+CZJ3100GD9",
        "Connection status: True",
        "iLO IP: 192.168.1.56",
        "Power state: OFF"
    ]
}

TASK [Wait until the server 'CZ2311004H' inventory information is available (necessary when the server has recently been added to COM) then capture the data] ***
ok: [RHEL-1 -> localhost]
ok: [RHEL-2 -> localhost]

TASK [Wait until the complete discovery of server 'CZ2311004H' is complete (necessary when the server has recently been added to COM).] ***
ok: [RHEL-1 -> localhost]
ok: [RHEL-2 -> localhost]

TASK [Power on the server 'CZ2311004H' to get the storage inventory information (only if not already ON)] ***
ok: [RHEL-2 -> localhost]
ok: [RHEL-1 -> localhost]

TASK [Report that server 'CZ2311004H' is already powered on (skipping power on)] ***
skipping: [RHEL-1]
skipping: [RHEL-2]

TASK [Set a variable for the job resource URI] *********************************
ok: [RHEL-1]
ok: [RHEL-2]

TASK [Wait for the server power on job to complete] ****************************
FAILED - RETRYING: [RHEL-2 -> localhost]: Wait for the server power on job to complete (60 retries left).
FAILED - RETRYING: [RHEL-1 -> localhost]: Wait for the server power on job to complete (60 retries left).
FAILED - RETRYING: [RHEL-1 -> localhost]: Wait for the server power on job to complete (59 retries left).
FAILED - RETRYING: [RHEL-2 -> localhost]: Wait for the server power on job to complete (59 retries left).
FAILED - RETRYING: [RHEL-2 -> localhost]: Wait for the server power on job to complete (58 retries left).
FAILED - RETRYING: [RHEL-1 -> localhost]: Wait for the server power on job to complete (58 retries left).
FAILED - RETRYING: [RHEL-2 -> localhost]: Wait for the server power on job to complete (57 retries left).
FAILED - RETRYING: [RHEL-1 -> localhost]: Wait for the server power on job to complete (57 retries left).
ok: [RHEL-1 -> localhost]
FAILED - RETRYING: [RHEL-2 -> localhost]: Wait for the server power on job to complete (56 retries left).
FAILED - RETRYING: [RHEL-2 -> localhost]: Wait for the server power on job to complete (55 retries left).
FAILED - RETRYING: [RHEL-2 -> localhost]: Wait for the server power on job to complete (54 retries left).
FAILED - RETRYING: [RHEL-2 -> localhost]: Wait for the server power on job to complete (53 retries left).
FAILED - RETRYING: [RHEL-2 -> localhost]: Wait for the server power on job to complete (52 retries left).
FAILED - RETRYING: [RHEL-2 -> localhost]: Wait for the server power on job to complete (51 retries left).
FAILED - RETRYING: [RHEL-2 -> localhost]: Wait for the server power on job to complete (50 retries left).
FAILED - RETRYING: [RHEL-2 -> localhost]: Wait for the server power on job to complete (49 retries left).
FAILED - RETRYING: [RHEL-2 -> localhost]: Wait for the server power on job to complete (48 retries left).
FAILED - RETRYING: [RHEL-2 -> localhost]: Wait for the server power on job to complete (47 retries left).
FAILED - RETRYING: [RHEL-2 -> localhost]: Wait for the server power on job to complete (46 retries left).
FAILED - RETRYING: [RHEL-2 -> localhost]: Wait for the server power on job to complete (45 retries left).
FAILED - RETRYING: [RHEL-2 -> localhost]: Wait for the server power on job to complete (44 retries left).
FAILED - RETRYING: [RHEL-2 -> localhost]: Wait for the server power on job to complete (43 retries left).
FAILED - RETRYING: [RHEL-2 -> localhost]: Wait for the server power on job to complete (42 retries left).
ok: [RHEL-2 -> localhost]

TASK [Display the server power on job result] **********************************
ok: [RHEL-1] => {
    "msg": [
        "State: COMPLETE",
        "ResultCode: SUCCESS",
        "Status: Complete"
    ]
}
ok: [RHEL-2] => {
    "msg": [
        "State: COMPLETE",
        "ResultCode: SUCCESS",
        "Status: Complete"
    ]
}

TASK [Exit when server power on job is failing] ********************************
skipping: [RHEL-1]
skipping: [RHEL-2]

TASK [Check if workload profile 'Virtualization - Power Efficient' exists] *****
ok: [RHEL-2 -> localhost]
ok: [RHEL-1 -> localhost]

TASK [Exit if workload profile 'Virtualization - Power Efficient' does not exist] ***
skipping: [RHEL-1]
skipping: [RHEL-2]

TASK [Set a variable for the resourceUri of workload profile 'Virtualization - Power Efficient'] ***
ok: [RHEL-1]
ok: [RHEL-2]

TASK [Wait until the storage inventory of server 'CZ2311004H' is populated then capture the inventory] ***
ok: [RHEL-1 -> localhost]
ok: [RHEL-2 -> localhost]

TASK [Capture the server 'CZ2311004H' inventory information] *******************
ok: [RHEL-2 -> localhost]
ok: [RHEL-1 -> localhost]

TASK [Capture the presence of a NS204i NVMe boot controller in server 'CZ2311004H'] ***
ok: [RHEL-1] => (item=never)
skipping: [RHEL-1] => (item=never) 
skipping: [RHEL-2] => (item=never) 
ok: [RHEL-2] => (item=never)
skipping: [RHEL-2] => (item=never) 
skipping: [RHEL-2] => (item=never) 
skipping: [RHEL-2] => (item=never) 
skipping: [RHEL-2] => (item=never) 

TASK [debug] *******************************************************************
ok: [RHEL-1] => {
    "msg": "NS204i found in server 'CZ2311004H'! NVMe RAID1 volume will be used as the target volume for the installation of RHEL!"
}
ok: [RHEL-2] => {
    "msg": "NS204i found in server 'CZJ3100GD9'! NVMe RAID1 volume will be used as the target volume for the installation of RHEL!"
}

TASK [debug] *******************************************************************
skipping: [RHEL-1]
skipping: [RHEL-2]

TASK [Capture size of the NS204i RAID1 volume if any] **************************
skipping: [RHEL-2] => (item=never) 
ok: [RHEL-1] => (item=never)
skipping: [RHEL-1] => (item=never) 
ok: [RHEL-2] => (item=never)
skipping: [RHEL-2] => (item=never) 
skipping: [RHEL-2] => (item=never) 
skipping: [RHEL-2] => (item=never) 
skipping: [RHEL-2] => (item=never) 

TASK [debug] *******************************************************************
ok: [RHEL-1] => {
    "msg": "Size of NS204i volume: 447.1 GB"
}
ok: [RHEL-2] => {
    "msg": "Size of NS204i volume: 447.1 GB"
}

TASK [Capture storage RAID controller information when an HPE MR or SR controller is used with available drives] ***
skipping: [RHEL-1] => (item=never) 
skipping: [RHEL-1] => (item=never) 
skipping: [RHEL-1]
skipping: [RHEL-2] => (item=never) 
skipping: [RHEL-2] => (item=never) 
skipping: [RHEL-2] => (item=never) 
skipping: [RHEL-2] => (item=never) 
skipping: [RHEL-2] => (item=never) 
skipping: [RHEL-2] => (item=never) 
skipping: [RHEL-2]

TASK [Set a variable for the name of the storage RAID controller found] ********
skipping: [RHEL-1]
skipping: [RHEL-2]

TASK [debug] *******************************************************************
skipping: [RHEL-1]
skipping: [RHEL-2]

TASK [Capture size of the HPE MR or SR RAID1 volume if any] ********************
skipping: [RHEL-1] => (item=never) 
skipping: [RHEL-1] => (item=never) 
skipping: [RHEL-1]
skipping: [RHEL-2] => (item=never) 
skipping: [RHEL-2] => (item=never) 
skipping: [RHEL-2] => (item=never) 
skipping: [RHEL-2] => (item=never) 
skipping: [RHEL-2] => (item=never) 
skipping: [RHEL-2] => (item=never) 
skipping: [RHEL-2]

TASK [debug] *******************************************************************
skipping: [RHEL-1]
skipping: [RHEL-2]

TASK [Set controller type if disk found and when no NS204i and no SR/MR controller with disk available found] ***
skipping: [RHEL-1] => (item=never) 
skipping: [RHEL-1] => (item=never) 
skipping: [RHEL-1]
skipping: [RHEL-2] => (item=never) 
skipping: [RHEL-2] => (item=never) 
skipping: [RHEL-2] => (item=never) 
skipping: [RHEL-2] => (item=never) 
skipping: [RHEL-2] => (item=never) 
skipping: [RHEL-2] => (item=never) 
skipping: [RHEL-2]

TASK [debug] *******************************************************************
skipping: [RHEL-1]
skipping: [RHEL-2]

TASK [Exit if no NS204i and no SR/MR controller with disk available found and no local disk found] ***
skipping: [RHEL-1]
skipping: [RHEL-2]

TASK [Set a variable for the name of the storage controller when no NS204i and no SR/MR controller with disk available found] ***
skipping: [RHEL-1]
skipping: [RHEL-2]

TASK [debug] *******************************************************************
skipping: [RHEL-1]
skipping: [RHEL-2]

TASK [Capture size of the local disk if any] ***********************************
skipping: [RHEL-1] => (item=never) 
skipping: [RHEL-1] => (item=never) 
skipping: [RHEL-2] => (item=never) 
skipping: [RHEL-1]
skipping: [RHEL-2] => (item=never) 
skipping: [RHEL-2] => (item=never) 
skipping: [RHEL-2] => (item=never) 
skipping: [RHEL-2] => (item=never) 
skipping: [RHEL-2] => (item=never) 
skipping: [RHEL-2]

TASK [debug] *******************************************************************
skipping: [RHEL-1]
skipping: [RHEL-2]

TASK [Set a controller type variable for kickstart creation when a NS204i controller or local disk is present] ***
ok: [RHEL-1]
ok: [RHEL-2]

TASK [Set a controller type variable for kickstart creation when there is no NS204i but an SR/MR controller is present.] ***
skipping: [RHEL-1]
skipping: [RHEL-2]

TASK [debug] *******************************************************************
ok: [RHEL-1] => {
    "msg": "Controller type found that will be used by kickstart: NS204i"
}
ok: [RHEL-2] => {
    "msg": "Controller type found that will be used by kickstart: NS204i"
}

TASK [Derive the management NIC MAC addresses from the COM inventory of server 'CZ2311004H'] ***
ok: [RHEL-1 -> localhost]
ok: [RHEL-2 -> localhost]

TASK [Set the primary (install) NIC MAC for server 'CZ2311004H'] ***************
ok: [RHEL-1]
ok: [RHEL-2]

TASK [debug] *******************************************************************
ok: [RHEL-1] => {
    "msg": [
        "Management NIC MACs (by COM inventory) for 'RHEL-1': ['50:7c:6f:2b:aa:ee', '50:7c:6f:2b:aa:ef']",
        "Primary (install) NIC MAC: '50:7c:6f:2b:aa:ee' (empty => kickstart falls back to first carrier-up NIC)"
    ]
}
ok: [RHEL-2] => {
    "msg": [
        "Management NIC MACs (by COM inventory) for 'RHEL-2': ['00:62:0b:4e:17:48', '00:62:0b:4e:17:49']",
        "Primary (install) NIC MAC: '00:62:0b:4e:17:48' (empty => kickstart falls back to first carrier-up NIC)"
    ]
}

TASK [Check if settings 'RAID1' already exist] *********************************
skipping: [RHEL-1]
skipping: [RHEL-2]

TASK [Create internal storage configuration using 'RAID1' with a volume size of '-1' GB for the OS boot volume when it does not exist] ***
skipping: [RHEL-1]
skipping: [RHEL-2]

TASK [Result of the 'RAID1' creation task] *************************************
skipping: [RHEL-1]
skipping: [RHEL-2]

TASK [Set a variable for the resourceUri of the internal storage configuration 'RAID1' just created] ***
skipping: [RHEL-1]
skipping: [RHEL-2]

TASK [Update internal storage configuration using 'RAID1' with a volume size of '-1' GB for the OS boot volume] ***
skipping: [RHEL-1]
skipping: [RHEL-2]

TASK [Result of the 'RAID1' update task] ***************************************
skipping: [RHEL-1]
skipping: [RHEL-2]

TASK [Set a variable for the resourceUri of the internal storage configuration 'RAID1' just updated] ***
skipping: [RHEL-1]
skipping: [RHEL-2]

TASK [debug] *******************************************************************
skipping: [RHEL-1]
skipping: [RHEL-2]

TASK [Create server group name 'RHEL-1_server_group' variable] *****************
ok: [RHEL-1]
ok: [RHEL-2]

TASK [Check if group 'RHEL-1_server_group' already exists] *********************
ok: [RHEL-2 -> localhost]
ok: [RHEL-1 -> localhost]

TASK [Create temporary group 'RHEL-1_server_group' with no local storage configuration definition (if it does not exist)] ***
ok: [RHEL-1 -> localhost]
ok: [RHEL-2 -> localhost]

TASK [Display response of the temporary group 'RHEL-1_server_group' creation request] ***
ok: [RHEL-1] => {
    "server_group_result.msg": "OK (1252 bytes)"
}
ok: [RHEL-2] => {
    "server_group_result.msg": "OK (1252 bytes)"
}

TASK [Set variables for the id and the resourceUri of temporary group 'RHEL-1_server_group' just created] ***
ok: [RHEL-1]
ok: [RHEL-2]

TASK [Update temporary group 'RHEL-1_server_group' with no local storage configuration definition (if it does exist)] ***
skipping: [RHEL-1]
skipping: [RHEL-2]

TASK [Display response of the temporary group 'RHEL-1_server_group' update request] ***
skipping: [RHEL-1]
skipping: [RHEL-2]

TASK [Set variables for the id and the resourceUri of temporary group 'RHEL-1_server_group' just updated] ***
skipping: [RHEL-1]
skipping: [RHEL-2]

TASK [debug] *******************************************************************
ok: [RHEL-1] => {
    "temporary_group_id": "5e523709-298a-4746-aadf-13cc41458553"
}
ok: [RHEL-2] => {
    "temporary_group_id": "9c4b0770-0f8b-42a9-b5d8-38663d846abd"
}

TASK [debug] *******************************************************************
ok: [RHEL-1] => {
    "temporary_group_resourceuri": "/compute-ops-mgmt/v1/groups/5e523709-298a-4746-aadf-13cc41458553"
}
ok: [RHEL-2] => {
    "temporary_group_resourceuri": "/compute-ops-mgmt/v1/groups/9c4b0770-0f8b-42a9-b5d8-38663d846abd"
}

TASK [Create temporary group 'RHEL-1_server_group' with local storage configuration definition (if it does not exist)] ***
skipping: [RHEL-1]
skipping: [RHEL-2]

TASK [Display response of the temporary group 'RHEL-1_server_group' creation request] ***
skipping: [RHEL-1]
skipping: [RHEL-2]

TASK [Set variables for the id and the resourceUri of temporary group 'RHEL-1_server_group' just created] ***
skipping: [RHEL-1]
skipping: [RHEL-2]

TASK [Update temporary group 'RHEL-1_server_group' with no local storage configuration definition (if it does exist)] ***
skipping: [RHEL-1]
skipping: [RHEL-2]

TASK [Display response of the temporary group 'RHEL-1_server_group' update request] ***
skipping: [RHEL-1]
skipping: [RHEL-2]

TASK [Set variables for the id and the resourceUri of temporary group 'RHEL-1_server_group' just updated] ***
skipping: [RHEL-1]
skipping: [RHEL-2]

TASK [debug] *******************************************************************
ok: [RHEL-1] => {
    "temporary_group_id": "5e523709-298a-4746-aadf-13cc41458553"
}
ok: [RHEL-2] => {
    "temporary_group_id": "9c4b0770-0f8b-42a9-b5d8-38663d846abd"
}

TASK [debug] *******************************************************************
ok: [RHEL-1] => {
    "temporary_group_resourceuri": "/compute-ops-mgmt/v1/groups/5e523709-298a-4746-aadf-13cc41458553"
}
ok: [RHEL-2] => {
    "temporary_group_resourceuri": "/compute-ops-mgmt/v1/groups/9c4b0770-0f8b-42a9-b5d8-38663d846abd"
}

TASK [Check if server 'CZ2311004H' is already member of a server group] ********
ok: [RHEL-1 -> localhost]
ok: [RHEL-2 -> localhost]

TASK [Capture the id of the server group of which the server 'CZ2311004H' is a member (if applicable)] ***
skipping: [RHEL-1]
skipping: [RHEL-2]

TASK [debug] *******************************************************************
skipping: [RHEL-1]
skipping: [RHEL-2]

TASK [Remove server 'CZ2311004H' from the server group of which it is currently a member] ***
skipping: [RHEL-1]
skipping: [RHEL-2]

TASK [Wait for deletion to complete] *******************************************
skipping: [RHEL-1]

TASK [Assign server 'CZ2311004H' to temporary group 'RHEL-1_server_group'] *****
ok: [RHEL-1 -> localhost]
ok: [RHEL-2 -> localhost]

TASK [Display response of the group assignment task] ***************************
ok: [RHEL-1] => {
    "group_assignment_result.msg": "OK (0 bytes)"
}
ok: [RHEL-2] => {
    "group_assignment_result.msg": "OK (0 bytes)"
}

TASK [Check if RHEL Custom ISO file 'rhel-9.3-x86_64-boot.iso' exists in '/home/labrat/ISOs/rhelisosrc' on 'ansible.lj.lab'] ***
ok: [RHEL-1 -> localhost]
ok: [RHEL-2 -> localhost]

TASK [Create the directory '/home/labrat/ISOs/rhelisosrc' to host the ISO file on 'ansible.lj.lab'] ***
skipping: [RHEL-1]
skipping: [RHEL-2]

TASK [Check if RHEL ISO 'https://liogw.lj.lab/deployment/rhel93-x64/rhel-9.3-x86_64-boot.iso' exists] ***
skipping: [RHEL-1]
skipping: [RHEL-2]

TASK [Download file 'rhel-9.3-x86_64-boot.iso' to 'ansible.lj.lab' in '/home/labrat/ISOs/rhelisosrc' if not present] ***
skipping: [RHEL-1]
skipping: [RHEL-2]

TASK [Collect ISO label (can be required for some booltloader modifications)] ***
changed: [RHEL-1 -> localhost]
changed: [RHEL-2 -> localhost]

TASK [set_fact] ****************************************************************
ok: [RHEL-1]
ok: [RHEL-2]

TASK [Create '/mnt/RHEL-1' on 'ansible.lj.lab'] ********************************
changed: [RHEL-2 -> localhost]
changed: [RHEL-1 -> localhost]

TASK [Create '/home/labrat/staging/baremetal/RHEL-1/' on 'ansible.lj.lab' if it does not exist] ***
changed: [RHEL-1 -> localhost]
changed: [RHEL-2 -> localhost]

TASK [Mount RHEL ISO '/home/labrat/ISOs/rhelisosrc/rhel-9.3-x86_64-boot.iso' to '/mnt/RHEL-1/'] ***
changed: [RHEL-1 -> localhost]
changed: [RHEL-2 -> localhost]

TASK [Copy ISO files to '/home/labrat/staging/baremetal/RHEL-1/' on 'ansible.lj.lab'] ***
changed: [RHEL-1 -> localhost]
changed: [RHEL-2 -> localhost]

TASK [Set permissions to allow the user running the Ansible playbook to delete the folder '/home/labrat/staging/baremetal/RHEL-1'] ***
changed: [RHEL-2 -> localhost]
changed: [RHEL-1 -> localhost]

TASK [Unmount directory '/mnt/RHEL-1'] *****************************************
changed: [RHEL-2 -> localhost]
changed: [RHEL-1 -> localhost]

TASK [Create '/usr/share/nginx/html/isos/' if it does not exist] ***************
ok: [RHEL-2 -> localhost]
ok: [RHEL-1 -> localhost]

TASK [Check if the shared prepared RHEL boot ISO 'rhel-9.3-x86_64-boot-prepared.iso' already exists on nginx] ***
ok: [RHEL-1 -> localhost]

TASK [Create '/mnt/_prepared_iso_rhel' if it does not exist] *******************
skipping: [RHEL-1]

TASK [Create the staging directory for the prepared boot ISO] ******************
skipping: [RHEL-1]

TASK [Mount the source RHEL ISO '/home/labrat/ISOs/rhelisosrc/rhel-9.3-x86_64-boot.iso'] ***
skipping: [RHEL-1]

TASK [Copy the ISO files to the prepared staging directory] ********************
skipping: [RHEL-1]

TASK [Set permissions so the Ansible user can modify the prepared staging directory] ***
skipping: [RHEL-1]

TASK [Unmount '/mnt/_prepared_iso_rhel'] ***************************************
skipping: [RHEL-1]

TASK [Set a fast boot timeout, disable ISO media verification, and disable systemd GPT auto-root (UEFI GRUB + BIOS isolinux)] ***
skipping: [RHEL-1]

TASK [Apply the same fixes inside 'images/efiboot.img' (the GRUB config UEFI virtual-media boot actually reads)] ***
skipping: [RHEL-1]

TASK [Create the '/rpms' directory in the prepared ISO staging area] ***********
skipping: [RHEL-1]

TASK [Bake the host-agnostic HPE AMS rpm into the prepared ISO '/rpms' (required by COM to detect OS install completion)] ***
skipping: [RHEL-1]

TASK [Build the prepared boot ISO with mkisofs (host-agnostic, no per-host content)] ***
skipping: [RHEL-1]

TASK [Make the prepared ISO USB-bootable (isohybrid + implantisomd5)] **********
skipping: [RHEL-1]

TASK [Move the prepared boot ISO to the nginx html folder. ISO URL='http://ansible.lj.lab/isos/rhel-9.3-x86_64-boot-prepared.iso'] ***
skipping: [RHEL-1]

TASK [Create the seed staging directory '/home/labrat/staging/baremetal/RHEL-1/seed'] ***
changed: [RHEL-1 -> localhost]
changed: [RHEL-2 -> localhost]

TASK [Render the RHEL kickstart 'ks.cfg' seed for 'RHEL-1' with variable substitution] ***
changed: [RHEL-1 -> localhost]
changed: [RHEL-2 -> localhost]

TASK [Build the per-host OEMDRV kickstart seed ISO for 'RHEL-1'] ***************
changed: [RHEL-1 -> localhost]
changed: [RHEL-2 -> localhost]

TASK [Move the per-host seed ISO to the nginx default html folder. ISO URL='http://ansible.lj.lab/isos/RHEL-1-seed.iso'] ***
changed: [RHEL-1 -> localhost]
changed: [RHEL-2 -> localhost]

TASK [Update SELinux security contexts so that Nginx is allowed to serve content from the '/usr/share/nginx/html/isos/' directory.] ***
changed: [RHEL-1 -> localhost]
changed: [RHEL-2 -> localhost]

TASK [Check if the operating system image server setting 'OS_Image_RHEL9.3_for_RHEL-1' exists] ***
ok: [RHEL-1 -> localhost]
ok: [RHEL-2 -> localhost]

TASK [Create an operating system image server setting 'OS_Image_RHEL9.3_for_RHEL-1' if it does not exist] ***
ok: [RHEL-1 -> localhost]
ok: [RHEL-2 -> localhost]

TASK [Result of the 'OS_Image_RHEL9.3_for_RHEL-1' creation task] ***************
ok: [RHEL-1] => {
    "OS_image_server_setting_result.msg": "OK (523 bytes)"
}
ok: [RHEL-2] => {
    "OS_image_server_setting_result.msg": "OK (523 bytes)"
}

TASK [Set variables for the id and the resourceUri of the OS Image configuration 'OS_Image_RHEL9.3_for_RHEL-1' just created] ***
ok: [RHEL-1]
ok: [RHEL-2]

TASK [Update the operating system image server setting 'OS_Image_RHEL9.3_for_RHEL-1' if it does not exist] ***
skipping: [RHEL-1]
skipping: [RHEL-2]

TASK [Result of the 'OS_Image_RHEL9.3_for_RHEL-1' update task] *****************
skipping: [RHEL-1]
skipping: [RHEL-2]

TASK [Set variables for the id and the resourceUri of the OS Image configuration 'OS_Image_RHEL9.3_for_RHEL-1' just updated] ***
skipping: [RHEL-1]
skipping: [RHEL-2]

TASK [debug] *******************************************************************
ok: [RHEL-1] => {
    "OS_image_server_setting_resourceuri": "/compute-ops-mgmt/v1/settings/d751513a-0a02-4b89-9fee-5dbce3b0383c"
}
ok: [RHEL-2] => {
    "OS_image_server_setting_resourceuri": "/compute-ops-mgmt/v1/settings/58fae31b-7c52-41f6-aef1-4b509692cb00"
}

TASK [debug] *******************************************************************
ok: [RHEL-1] => {
    "OS_image_server_setting_id": "d751513a-0a02-4b89-9fee-5dbce3b0383c"
}
ok: [RHEL-2] => {
    "OS_image_server_setting_id": "58fae31b-7c52-41f6-aef1-4b509692cb00"
}

TASK [Update temporary group 'RHEL-1_server_group' to add OS image installation settings with NS204i] ***
ok: [RHEL-1 -> localhost]
ok: [RHEL-2 -> localhost]

TASK [Display response of the group 'RHEL-1_server_group' update request with NS204i] ***
ok: [RHEL-1] => {
    "server_group_result.msg": "OK (1808 bytes)"
}
ok: [RHEL-2] => {
    "server_group_result.msg": "OK (1802 bytes)"
}

TASK [Update temporary group 'RHEL-1_server_group' to add OS image installation settings with storage controller (without NS204i)] ***
skipping: [RHEL-1]
skipping: [RHEL-2]

TASK [Display response of the group 'RHEL-1_server_group' update request with storage controller] ***
skipping: [RHEL-1]
skipping: [RHEL-2]

TASK [Start OS image installation in group 'RHEL-1_server_group'] **************
ok: [RHEL-1 -> localhost]
ok: [RHEL-2 -> localhost]

TASK [Display response of the OS image installation request in group 'RHEL-1_server_group'] ***
ok: [RHEL-1] => {
    "group_os_installation_result.msg": "OK (819 bytes)"
}
ok: [RHEL-2] => {
    "group_os_installation_result.msg": "OK (819 bytes)"
}

TASK [Wait for the OS image installation of server 'CZ2311004H' to complete] ***
FAILED - RETRYING: [RHEL-1 -> localhost]: Wait for the OS image installation of server 'CZ2311004H' to complete (60 retries left).
FAILED - RETRYING: [RHEL-2 -> localhost]: Wait for the OS image installation of server 'CZ2311004H' to complete (60 retries left).
FAILED - RETRYING: [RHEL-2 -> localhost]: Wait for the OS image installation of server 'CZ2311004H' to complete (59 retries left).
FAILED - RETRYING: [RHEL-1 -> localhost]: Wait for the OS image installation of server 'CZ2311004H' to complete (59 retries left).
FAILED - RETRYING: [RHEL-2 -> localhost]: Wait for the OS image installation of server 'CZ2311004H' to complete (58 retries left).
FAILED - RETRYING: [RHEL-1 -> localhost]: Wait for the OS image installation of server 'CZ2311004H' to complete (58 retries left).
FAILED - RETRYING: [RHEL-1 -> localhost]: Wait for the OS image installation of server 'CZ2311004H' to complete (57 retries left).
FAILED - RETRYING: [RHEL-2 -> localhost]: Wait for the OS image installation of server 'CZ2311004H' to complete (57 retries left).
FAILED - RETRYING: [RHEL-1 -> localhost]: Wait for the OS image installation of server 'CZ2311004H' to complete (56 retries left).
FAILED - RETRYING: [RHEL-2 -> localhost]: Wait for the OS image installation of server 'CZ2311004H' to complete (56 retries left).
FAILED - RETRYING: [RHEL-2 -> localhost]: Wait for the OS image installation of server 'CZ2311004H' to complete (55 retries left).
FAILED - RETRYING: [RHEL-1 -> localhost]: Wait for the OS image installation of server 'CZ2311004H' to complete (55 retries left).
FAILED - RETRYING: [RHEL-2 -> localhost]: Wait for the OS image installation of server 'CZ2311004H' to complete (54 retries left).
FAILED - RETRYING: [RHEL-1 -> localhost]: Wait for the OS image installation of server 'CZ2311004H' to complete (54 retries left).
FAILED - RETRYING: [RHEL-1 -> localhost]: Wait for the OS image installation of server 'CZ2311004H' to complete (53 retries left).
FAILED - RETRYING: [RHEL-2 -> localhost]: Wait for the OS image installation of server 'CZ2311004H' to complete (53 retries left).
FAILED - RETRYING: [RHEL-2 -> localhost]: Wait for the OS image installation of server 'CZ2311004H' to complete (52 retries left).
FAILED - RETRYING: [RHEL-1 -> localhost]: Wait for the OS image installation of server 'CZ2311004H' to complete (52 retries left).
FAILED - RETRYING: [RHEL-1 -> localhost]: Wait for the OS image installation of server 'CZ2311004H' to complete (51 retries left).
FAILED - RETRYING: [RHEL-2 -> localhost]: Wait for the OS image installation of server 'CZ2311004H' to complete (51 retries left).
FAILED - RETRYING: [RHEL-2 -> localhost]: Wait for the OS image installation of server 'CZ2311004H' to complete (50 retries left).
FAILED - RETRYING: [RHEL-1 -> localhost]: Wait for the OS image installation of server 'CZ2311004H' to complete (50 retries left).
FAILED - RETRYING: [RHEL-1 -> localhost]: Wait for the OS image installation of server 'CZ2311004H' to complete (49 retries left).
FAILED - RETRYING: [RHEL-2 -> localhost]: Wait for the OS image installation of server 'CZ2311004H' to complete (49 retries left).
FAILED - RETRYING: [RHEL-1 -> localhost]: Wait for the OS image installation of server 'CZ2311004H' to complete (48 retries left).
FAILED - RETRYING: [RHEL-2 -> localhost]: Wait for the OS image installation of server 'CZ2311004H' to complete (48 retries left).
FAILED - RETRYING: [RHEL-1 -> localhost]: Wait for the OS image installation of server 'CZ2311004H' to complete (47 retries left).
FAILED - RETRYING: [RHEL-2 -> localhost]: Wait for the OS image installation of server 'CZ2311004H' to complete (47 retries left).
FAILED - RETRYING: [RHEL-2 -> localhost]: Wait for the OS image installation of server 'CZ2311004H' to complete (46 retries left).
FAILED - RETRYING: [RHEL-1 -> localhost]: Wait for the OS image installation of server 'CZ2311004H' to complete (46 retries left).
FAILED - RETRYING: [RHEL-1 -> localhost]: Wait for the OS image installation of server 'CZ2311004H' to complete (45 retries left).
FAILED - RETRYING: [RHEL-2 -> localhost]: Wait for the OS image installation of server 'CZ2311004H' to complete (45 retries left).
FAILED - RETRYING: [RHEL-2 -> localhost]: Wait for the OS image installation of server 'CZ2311004H' to complete (44 retries left).
FAILED - RETRYING: [RHEL-1 -> localhost]: Wait for the OS image installation of server 'CZ2311004H' to complete (44 retries left).
FAILED - RETRYING: [RHEL-1 -> localhost]: Wait for the OS image installation of server 'CZ2311004H' to complete (43 retries left).
FAILED - RETRYING: [RHEL-2 -> localhost]: Wait for the OS image installation of server 'CZ2311004H' to complete (43 retries left).
FAILED - RETRYING: [RHEL-1 -> localhost]: Wait for the OS image installation of server 'CZ2311004H' to complete (42 retries left).
FAILED - RETRYING: [RHEL-2 -> localhost]: Wait for the OS image installation of server 'CZ2311004H' to complete (42 retries left).
ok: [RHEL-1 -> localhost]
FAILED - RETRYING: [RHEL-2 -> localhost]: Wait for the OS image installation of server 'CZ2311004H' to complete (41 retries left).
FAILED - RETRYING: [RHEL-2 -> localhost]: Wait for the OS image installation of server 'CZ2311004H' to complete (40 retries left).
FAILED - RETRYING: [RHEL-2 -> localhost]: Wait for the OS image installation of server 'CZ2311004H' to complete (39 retries left).
FAILED - RETRYING: [RHEL-2 -> localhost]: Wait for the OS image installation of server 'CZ2311004H' to complete (38 retries left).
FAILED - RETRYING: [RHEL-2 -> localhost]: Wait for the OS image installation of server 'CZ2311004H' to complete (37 retries left).
FAILED - RETRYING: [RHEL-2 -> localhost]: Wait for the OS image installation of server 'CZ2311004H' to complete (36 retries left).
ok: [RHEL-2 -> localhost]

TASK [Exit if operating system image installation task of server 'CZ2311004H' failed to complete] ***
skipping: [RHEL-1]
skipping: [RHEL-2]

TASK [Remove server 'CZ2311004H' from temporary group 'RHEL-1_server_group'] ***
ok: [RHEL-1 -> localhost]
ok: [RHEL-2 -> localhost]

TASK [Wait for deletion to complete] *******************************************
Pausing for 15 seconds
(ctrl+C then 'C' = continue early, ctrl+C then 'A' = abort)
ok: [RHEL-1]

TASK [Display response of the temporary group unassignment task] ***************
ok: [RHEL-1] => {
    "group_unassignment_result.msg": "OK (0 bytes)"
}
ok: [RHEL-2] => {
    "group_unassignment_result.msg": "OK (0 bytes)"
}

TASK [Delete temporary group 'RHEL-1_server_group'] ****************************
ok: [RHEL-2 -> localhost]
ok: [RHEL-1 -> localhost]

TASK [Display response of the temporary group deletion task] *******************
ok: [RHEL-1] => {
    "server_group_deletion_result.msg": "OK (unknown bytes)"
}
ok: [RHEL-2] => {
    "server_group_deletion_result.msg": "OK (unknown bytes)"
}

TASK [Delete operating system image server setting 'OS_Image_RHEL9.3_for_RHEL-1'] ***
ok: [RHEL-2 -> localhost]
ok: [RHEL-1 -> localhost]

TASK [Display response of the operating system image server setting deletion task] ***
ok: [RHEL-1] => {
    "OS_image_server_setting_deletion_result.msg": "OK (unknown bytes)"
}
ok: [RHEL-2] => {
    "OS_image_server_setting_deletion_result.msg": "OK (unknown bytes)"
}

TASK [Wait for '192.168.3.176' to respond on port 22...] ***********************
ok: [RHEL-2 -> localhost]
ok: [RHEL-1 -> localhost]

TASK [Remove any stale SSH host key for 'RHEL-1' from the control node known_hosts] ***
ok: [RHEL-1 -> localhost] => (item=192.168.3.176)
ok: [RHEL-2 -> localhost] => (item=192.168.3.177)
ok: [RHEL-2 -> localhost] => (item=rhel-2.lj.lab)
ok: [RHEL-1 -> localhost] => (item=rhel-1.lj.lab)
ok: [RHEL-1 -> localhost] => (item=RHEL-1)
ok: [RHEL-2 -> localhost] => (item=RHEL-2)

TASK [Create a kickstart backup directory if it does not exist] ****************
ok: [RHEL-1 -> localhost]
ok: [RHEL-2 -> localhost]

TASK [Create a backup of the kickstart file named 'RHEL-1_ks.cfg' in '/home/labrat/staging/kickstarts_backup/RHEL' folder] ***
changed: [RHEL-1 -> localhost]
changed: [RHEL-2 -> localhost]

TASK [Delete all related files from staging location and nginx web server folder] ***
changed: [RHEL-2 -> localhost]
changed: [RHEL-1 -> localhost]

TASK [Copy HPE Integrated Smart Update Tools (SUT) package 'sut-6.7.0-16.linux.x86_64.rpm' to 'RHEL-1'] ***
changed: [RHEL-2]
changed: [RHEL-1]

TASK [Wait for host to become reachable (faced a few times a host unreachable after the previous copy task)] ***
ok: [RHEL-2 -> localhost]
ok: [RHEL-1 -> localhost]

TASK [Install HPE SUT on 'RHEL-1'] *********************************************
changed: [RHEL-2]
changed: [RHEL-1]

TASK [Debug HPE SUT install result] ********************************************
ok: [RHEL-1] => {
    "SUT_install_result": {
        "changed": true,
        "failed": false,
        "msg": "",
        "rc": 0,
        "results": [
            "Installed /tmp/sut.rpm",
            "Installed: sut-6.7.0-16.linux.x86_64"
        ]
    }
}
ok: [RHEL-2] => {
    "SUT_install_result": {
        "changed": true,
        "failed": false,
        "msg": "",
        "rc": 0,
        "results": [
            "Installed /tmp/sut.rpm",
            "Installed: sut-6.7.0-16.linux.x86_64"
        ]
    }
}

TASK [Initiate HPE SUT service] ************************************************
changed: [RHEL-1]
changed: [RHEL-2]

TASK [Rebooting the server as required after installing SUT] *******************
changed: [RHEL-1]
changed: [RHEL-2]

TASK [Wait for HPE SUT service to be running] **********************************
FAILED - RETRYING: [RHEL-2]: Wait for HPE SUT service to be running (20 retries left).
ok: [RHEL-1]
FAILED - RETRYING: [RHEL-2]: Wait for HPE SUT service to be running (19 retries left).
ok: [RHEL-2]

TASK [Report the status of the HPE SUT service] ********************************
ok: [RHEL-1] => {
    "msg": "HPE SUT service is running."
}
ok: [RHEL-2] => {
    "msg": "HPE SUT service is running."
}

TASK [Fail if HPE SUT Service status is not running] ***************************
skipping: [RHEL-1]
skipping: [RHEL-2]

TASK [Ensure HPE AMS service is in a running state] ****************************
ok: [RHEL-1]
ok: [RHEL-2]

TASK [Report the status of the HPE AMS service] ********************************
ok: [RHEL-1] => {
    "msg": "HPE AMS service is running."
}
ok: [RHEL-2] => {
    "msg": "HPE AMS service is running."
}

TASK [Fail if HPE AMS Service status is not running] ***************************
skipping: [RHEL-1]
skipping: [RHEL-2]

TASK [Stage the NIC-bond setup script on 'RHEL-1'] *****************************
changed: [RHEL-2]
changed: [RHEL-1]

TASK [Run the NIC-bond setup detached (survives the IP move onto the bond)] ****
changed: [RHEL-2]
changed: [RHEL-1]

TASK [Wait for 'RHEL-1' to be reachable again after the bond/IP move] **********
ok: [RHEL-2]
ok: [RHEL-1]

TASK [Read the NIC-bond result marker] *****************************************
ok: [RHEL-2]
ok: [RHEL-1]

TASK [Report the NIC-bond outcome] *********************************************
ok: [RHEL-2] => {
    "msg": "NIC bonding outcome for 'RHEL-2': single (bond = active-backup team0 kept | single = only one usable NIC | reverted = bond unreachable, fell back to single NIC | error = no primary NIC)"
}
ok: [RHEL-1] => {
    "msg": "NIC bonding outcome for 'RHEL-1': bond (bond = active-backup team0 kept | single = only one usable NIC | reverted = bond unreachable, fell back to single NIC | error = no primary NIC)"
}

TASK [Wait a little while for things to stabilize] *****************************
Pausing for 60 seconds
(ctrl+C then 'C' = continue early, ctrl+C then 'A' = abort)
ok: [RHEL-1]

TASK [Wait for COM to detect SUT service to be running] ************************
ok: [RHEL-2 -> localhost]
ok: [RHEL-1 -> localhost]

TASK [Collect firmware bundles] ************************************************
skipping: [RHEL-2]
ok: [RHEL-1 -> localhost]

TASK [Set variable for Gen10 firmware bundle '2025.11.00.00'] ******************
skipping: [RHEL-2]
ok: [RHEL-1]

TASK [Exit if Gen10 firmware bundle '2025.11.00.00' does not exist] ************
skipping: [RHEL-1]
skipping: [RHEL-2]

TASK [debug] *******************************************************************
ok: [RHEL-1] => {
    "Gen10_10p_firmware_bundle_ID": "efa0f78b19144f69af9bf32c7a974cbd"
}
skipping: [RHEL-2]

TASK [Set variable for Gen11 firmware bundle '2025.11.01.00'] ******************
ok: [RHEL-1]
skipping: [RHEL-2]

TASK [Exit if Gen11 firmware bundle '2025.11.01.00' does not exist] ************
skipping: [RHEL-1]
skipping: [RHEL-2]

TASK [debug] *******************************************************************
ok: [RHEL-1] => {
    "Gen11_firmware_bundle_ID": "0c4fda93c0c54f4a9ef2ae4de4ccd128"
}
skipping: [RHEL-2]

TASK [Set variable for Gen12 firmware bundle '2025.11.01.00'] ******************
ok: [RHEL-1]
skipping: [RHEL-2]

TASK [Exit if Gen12 firmware bundle '2025.11.01.00' does not exist] ************
skipping: [RHEL-1]
skipping: [RHEL-2]

TASK [debug] *******************************************************************
ok: [RHEL-1] => {
    "Gen12_firmware_bundle_ID": "391c8f4745734f0886880497b2510aa8"
}
skipping: [RHEL-2]

TASK [Fail if the firmware baselines for Gen10/Gen10+, Gen11, and Gen12 servers could not be found.] ***
skipping: [RHEL-1]
skipping: [RHEL-2]

TASK [Fail if the firmware baseline for Gen10/Gen10+ servers could not be found.] ***
skipping: [RHEL-1]
skipping: [RHEL-2]

TASK [Fail if the firmware baseline for Gen11 servers could not be found.] *****
skipping: [RHEL-1]
skipping: [RHEL-2]

TASK [Fail if the firmware baseline for Gen12 servers could not be found.] *****
skipping: [RHEL-1]
skipping: [RHEL-2]

TASK [Set firmware bundle id for Gen10/Gen10+ server] **************************
ok: [RHEL-1]
skipping: [RHEL-2]

TASK [Set firmware bundle id for Gen11 server] *********************************
skipping: [RHEL-1]
skipping: [RHEL-2]

TASK [Set firmware bundle id for Gen12 server] *********************************
skipping: [RHEL-1]
skipping: [RHEL-2]

TASK [debug] *******************************************************************
ok: [RHEL-1] => {
    "bundle_id": "efa0f78b19144f69af9bf32c7a974cbd"
}
skipping: [RHEL-2]

TASK [Check if the firmware server setting 'RHEL firmware baseline' exists] ****
skipping: [RHEL-2]
ok: [RHEL-1 -> localhost]

TASK [Create the firmware server setting 'RHEL firmware baseline'] *************
skipping: [RHEL-1]
skipping: [RHEL-2]

TASK [Display response of the firmware server setting 'RHEL firmware baseline' creation request] ***
skipping: [RHEL-1]
skipping: [RHEL-2]

TASK [Set variable for the resourceuri of the firmware server setting 'RHEL firmware baseline' just created] ***
skipping: [RHEL-1]
skipping: [RHEL-2]

TASK [Update the firmware server setting 'RHEL firmware baseline'] *************
skipping: [RHEL-2]
ok: [RHEL-1 -> localhost]

TASK [Display response of the firmware server setting 'RHEL firmware baseline' update task] ***
ok: [RHEL-1] => {
    "firmware_server_setting_result.msg": "OK (706 bytes)"
}
skipping: [RHEL-2]

TASK [Set variable for the resourceuri of the firmware server setting 'RHEL firmware baseline' just updated] ***
skipping: [RHEL-2]
ok: [RHEL-1]

TASK [debug] *******************************************************************
ok: [RHEL-1] => {
    "firmware_server_setting_resourceuri": "/compute-ops-mgmt/v1/settings/58f6413a-d454-43cf-9f5f-aec2f3913f73"
}
skipping: [RHEL-2]

TASK [Check if definitive group 'RHEL_group' already exist] ********************
skipping: [RHEL-2]
ok: [RHEL-1 -> localhost]

TASK [Create definitive group 'RHEL_group' if it does not exist] ***************
skipping: [RHEL-1]
skipping: [RHEL-2]

TASK [Display response of the definitive group 'RHEL_group' creation request] ***
skipping: [RHEL-1]
skipping: [RHEL-2]

TASK [Set variables for the id and the resourceUri of the definitive group 'RHEL_group' just created] ***
skipping: [RHEL-1]
skipping: [RHEL-2]

TASK [Update definitive group 'RHEL_group' if it does exist] *******************
skipping: [RHEL-2]
ok: [RHEL-1 -> localhost]

TASK [Display response of the group 'RHEL_group' update request] ***************
ok: [RHEL-1] => {
    "definitive_server_group_result.msg": "OK (1279 bytes)"
}
skipping: [RHEL-2]

TASK [Set variables for the id and the resourceUri of the existing definitive group 'RHEL_group' just updated] ***
skipping: [RHEL-2]
ok: [RHEL-1]

TASK [debug] *******************************************************************
ok: [RHEL-1] => {
    "definitive_group_id": "c5a70a22-17e5-45f4-82ea-a3e0a3255398"
}
skipping: [RHEL-2]

TASK [debug] *******************************************************************
ok: [RHEL-1] => {
    "definitive_group_resourceuri": "/compute-ops-mgmt/v1/groups/c5a70a22-17e5-45f4-82ea-a3e0a3255398"
}
skipping: [RHEL-2]

TASK [Gather subset facts on localhost] ****************************************
ok: [RHEL-1 -> localhost]
ok: [RHEL-2 -> localhost]

TASK [Capture the start time of the firmware update (will be used later to filter COM activities, etc.)] ***
ok: [RHEL-1]
ok: [RHEL-2]

TASK [Display the start time of the firmware update] ***************************
ok: [RHEL-1] => {
    "msg": "2026-07-23T14:46:01Z"
}
ok: [RHEL-2] => {
    "msg": "2026-07-23T14:46:02Z"
}

TASK [Get definitive group 'RHEL_group' information] ***************************
ok: [RHEL-2 -> localhost]
ok: [RHEL-1 -> localhost]

TASK [Set variable for existing definitive group 'RHEL_group' id] **************
ok: [RHEL-1]
ok: [RHEL-2]

TASK [Check if server 'CZ2311004H' is already member of definitive server group 'RHEL_group'] ***
ok: [RHEL-1]
ok: [RHEL-2]

TASK [Add server 'CZ2311004H' to definitive server group 'RHEL_group'] *********
ok: [RHEL-2 -> localhost]
ok: [RHEL-1 -> localhost]

TASK [Display response of the group assignment task] ***************************
ok: [RHEL-1] => {
    "group_assignment_result.msg": "OK (0 bytes)"
}
ok: [RHEL-2] => {
    "group_assignment_result.msg": "OK (0 bytes)"
}

TASK [Wait for assignment to truly complete] ***********************************
Pausing for 15 seconds
(ctrl+C then 'C' = continue early, ctrl+C then 'A' = abort)
ok: [RHEL-1]

TASK [Create HPE Compute Ops Management session] *******************************
ok: [RHEL-1 -> localhost]
ok: [RHEL-2 -> localhost]

TASK [Set variable access_token for the bearer token] **************************
ok: [RHEL-1]
ok: [RHEL-2]

TASK [Build the list of device ids for the servers being provisioned in this run (first host only)] ***
skipping: [RHEL-2]
ok: [RHEL-1]

TASK [Display the device ids targeted by the firmware update job (first host only)] ***
skipping: [RHEL-2]
ok: [RHEL-1] => {
    "msg": "Firmware update will target these 2 server(s): ['P28948-B21+CZ2311004H', 'P53933-B21+CZJ3100GD9']"
}

TASK [Start a single group firmware update job for this run's servers (first host only)] ***
skipping: [RHEL-2]
ok: [RHEL-1 -> localhost]

TASK [Display response of the group firmware update job (first host only)] *****
ok: [RHEL-1] => {
    "group_firmware_update_job.msg": "OK (874 bytes)"
}
skipping: [RHEL-2]

TASK [Capture the resourceUri of the group firmware update job (first host only)] ***
ok: [RHEL-1]
skipping: [RHEL-2]

TASK [Display the group firmware update job resource uri (first host only)] ****
ok: [RHEL-1] => {
    "group_firmware_update_job_resourceUri": "/compute-ops-mgmt/v1/jobs/bd343fb4-51fd-4148-b84d-75a28a70b9c5"
}
skipping: [RHEL-2]

TASK [Wait for the group firmware update job to complete (first host only)] ****
skipping: [RHEL-2]
FAILED - RETRYING: [RHEL-1 -> localhost]: Wait for the group firmware update job to complete (first host only) (600 retries left).
FAILED - RETRYING: [RHEL-1 -> localhost]: Wait for the group firmware update job to complete (first host only) (599 retries left).
FAILED - RETRYING: [RHEL-1 -> localhost]: Wait for the group firmware update job to complete (first host only) (598 retries left).
FAILED - RETRYING: [RHEL-1 -> localhost]: Wait for the group firmware update job to complete (first host only) (597 retries left).
FAILED - RETRYING: [RHEL-1 -> localhost]: Wait for the group firmware update job to complete (first host only) (596 retries left).
FAILED - RETRYING: [RHEL-1 -> localhost]: Wait for the group firmware update job to complete (first host only) (595 retries left).
FAILED - RETRYING: [RHEL-1 -> localhost]: Wait for the group firmware update job to complete (first host only) (594 retries left).
FAILED - RETRYING: [RHEL-1 -> localhost]: Wait for the group firmware update job to complete (first host only) (593 retries left).
FAILED - RETRYING: [RHEL-1 -> localhost]: Wait for the group firmware update job to complete (first host only) (592 retries left).
FAILED - RETRYING: [RHEL-1 -> localhost]: Wait for the group firmware update job to complete (first host only) (591 retries left).
FAILED - RETRYING: [RHEL-1 -> localhost]: Wait for the group firmware update job to complete (first host only) (590 retries left).
FAILED - RETRYING: [RHEL-1 -> localhost]: Wait for the group firmware update job to complete (first host only) (589 retries left).
FAILED - RETRYING: [RHEL-1 -> localhost]: Wait for the group firmware update job to complete (first host only) (588 retries left).
FAILED - RETRYING: [RHEL-1 -> localhost]: Wait for the group firmware update job to complete (first host only) (587 retries left).
FAILED - RETRYING: [RHEL-1 -> localhost]: Wait for the group firmware update job to complete (first host only) (586 retries left).
FAILED - RETRYING: [RHEL-1 -> localhost]: Wait for the group firmware update job to complete (first host only) (585 retries left).
ok: [RHEL-1 -> localhost]

TASK [Display the group firmware update job result (first host only)] **********
ok: [RHEL-1] => {
    "msg": [
        "State: COMPLETE",
        "ResultCode: SUCCESS",
        "Status: Complete"
    ]
}
skipping: [RHEL-2]

TASK [Get the latest activity of server 'CZ2311004H'] **************************
ok: [RHEL-1 -> localhost]
ok: [RHEL-2 -> localhost]

TASK [Extract items containing 'Firmware update'] ******************************
ok: [RHEL-1]
ok: [RHEL-2]

TASK [Display the firmware update activity status when successful] *************
ok: [RHEL-1] => {
    "msg": [
        "Message: Firmware update successful",
        ""
    ]
}
ok: [RHEL-2] => {
    "msg": [
        "Message: Firmware update successful",
        ""
    ]
}

TASK [Display the firmware update activity status with recommanded actions when failed] ***
skipping: [RHEL-1]
skipping: [RHEL-2]

TASK [Capture server information] **********************************************
ok: [RHEL-1 -> localhost]
ok: [RHEL-2 -> localhost]

TASK [Capture last firmware update information if any] *************************
ok: [RHEL-1]
ok: [RHEL-2]

TASK [Display server last firmware update information if up-to-date] ***********
ok: [RHEL-1] => {
    "msg": {
        "attemptedAt": "2026-07-23T14:48:07.846303+00:00",
        "attemptedBaselineUri": "/v1/firmware-bundles/efa0f78b19144f69af9bf32c7a974cbd",
        "bundleUpdateMethod": "Update",
        "completedAt": "2026-07-23T14:59:09.983249+00:00",
        "downgrade": false,
        "firmwareInventoryUpdates": [
            {
                "name": "HPE MegaRAID Storage Administrator for RHEL9, SLES15 and SLES16",
                "status": "OK",
                "version": "8.12.52.0"
            },
            {
                "name": "HPE MegaRAID Storage Administrator StorCLI for Linux 64-bit (fo",
                "status": "OK",
                "version": "007.3212.0000.0000"
            },
            {
                "name": "HPE Lights-Out Online Configuration Utility for Linux (AMD64/EM",
                "status": "OK",
                "version": "6.1.0.0"
            }
        ],
        "installSwDrivers": true,
        "powerOff": false,
        "status": "OK"
    }
}
ok: [RHEL-2] => {
    "msg": {
        "attemptedAt": "2026-07-23T14:48:07.936679+00:00",
        "attemptedBaselineUri": "/v1/firmware-bundles/0c4fda93c0c54f4a9ef2ae4de4ccd128",
        "bundleUpdateMethod": "Update",
        "completedAt": "2026-07-23T15:01:46.887527+00:00",
        "downgrade": false,
        "firmwareInventoryUpdates": [
            {
                "name": "HPE MegaRAID Storage Administrator for RHEL9, SLES15 and SLES16",
                "status": "OK",
                "version": "8.12.52.0"
            },
            {
                "name": "HPE MegaRAID Storage Administrator StorCLI for Linux 64-bit (fo",
                "status": "OK",
                "version": "007.3212.0000.0000"
            },
            {
                "name": "HPE Lights-Out Online Configuration Utility for Linux (AMD64/EM",
                "status": "OK",
                "version": "6.1.0.0"
            }
        ],
        "installSwDrivers": true,
        "powerOff": false,
        "status": "OK"
    }
}

TASK [Force update of current timestamp] ***************************************
ok: [RHEL-2 -> localhost]
ok: [RHEL-1 -> localhost]

TASK [Get runtime] *************************************************************
ok: [RHEL-1]
ok: [RHEL-2]

TASK [Status of the OS installation with the firmware update with HPE drivers and software] ***
ok: [RHEL-1] => {
    "msg": [
        "RHEL-1.lj.lab installation and firmware update completed successfully!",
        "OS is configured and running with the HPE drivers and software.",
        "To SSH to the new host from Ansible control node, use: ssh root@RHEL-1.lj.lab",
        "The provisioning task took 0:54:08."
    ]
}
ok: [RHEL-2] => {
    "msg": [
        "RHEL-2.lj.lab installation and firmware update completed successfully!",
        "OS is configured and running with the HPE drivers and software.",
        "To SSH to the new host from Ansible control node, use: ssh root@RHEL-2.lj.lab",
        "The provisioning task took 0:54:08."
    ]
}

TASK [Status of the OS installation with the firmware update without HPE drivers and software] ***
skipping: [RHEL-1]
skipping: [RHEL-2]

TASK [Status of the OS installation with firmware update failure] **************
skipping: [RHEL-1]
skipping: [RHEL-2]

PLAY RECAP *********************************************************************
RHEL-1                     : ok=151  changed=21   unreachable=0    failed=0    skipped=82   rescued=0    ignored=0   
RHEL-2                     : ok=119  changed=21   unreachable=0    failed=0    skipped=96   rescued=0    ignored=0   