$ ansible-playbook WIN2022_provisioning.yml -i hosts_WIN --ask-vault-password --ask-become-pass

PLAY [Automated Windows Server 2022 installation on HPE Compute Ops Managmeent server(s) using an auto-generated ISO file with customized unattend file] ***

TASK [Gather subset facts on localhost] ****************************************
ok: [WIN-11 -> localhost]
ok: [WIN-12 -> localhost]

TASK [Capture the start time (will be used later to filter COM activities and get the runtime of the playbook)] ***
ok: [WIN-11]
ok: [WIN-12]

TASK [debug] *******************************************************************
ok: [WIN-11] => {
    "start_time": "2026-07-24T06:11:24Z"
}
ok: [WIN-12] => {
    "start_time": "2026-07-24T06:11:24Z"
}

TASK [Create HPE Compute Ops Management session] *******************************
ok: [WIN-12 -> localhost]
ok: [WIN-11 -> localhost]

TASK [Set variable access_token for the bearer token] **************************
ok: [WIN-11]
ok: [WIN-12]

TASK [Capture all job templates] ***********************************************
ok: [WIN-11 -> localhost]
ok: [WIN-12 -> localhost]

TASK [Set a variable for all job templates items] ******************************
ok: [WIN-11]
ok: [WIN-12]

TASK [Set variables for each job template id] **********************************
ok: [WIN-11] => (item=Variable set: AnalyzeFirmwareUpdate_job_template_id = 5a657c6f-777d-4c7e-874a-1650b95b37f2)
ok: [WIN-11] => (item=Variable set: AnalyzeFirmwareUpdateOrchestrator_job_template_id = 87f47eff-7245-4788-bf58-5b6af361d1ba)
ok: [WIN-12] => (item=Variable set: AnalyzeFirmwareUpdate_job_template_id = 5a657c6f-777d-4c7e-874a-1650b95b37f2)
ok: [WIN-11] => (item=Variable set: ApplianceUpdate_job_template_id = 1c4ac4be-8eeb-49f2-a86a-fd8c9182616c)
ok: [WIN-12] => (item=Variable set: AnalyzeFirmwareUpdateOrchestrator_job_template_id = 87f47eff-7245-4788-bf58-5b6af361d1ba)
ok: [WIN-11] => (item=Variable set: ApplySettingsTemplate_job_template_id = 2d0f40f7-2a07-4c74-92e1-d1afaf49e632)
ok: [WIN-12] => (item=Variable set: ApplianceUpdate_job_template_id = 1c4ac4be-8eeb-49f2-a86a-fd8c9182616c)
ok: [WIN-11] => (item=Variable set: CalculateiLOSettingsCompliance_job_template_id = 497a5418-cbc2-4870-a1e7-1fc30c885f2f)
ok: [WIN-12] => (item=Variable set: ApplySettingsTemplate_job_template_id = 2d0f40f7-2a07-4c74-92e1-d1afaf49e632)
ok: [WIN-11] => (item=Variable set: ColdBoot_job_template_id = aacfb3e0-6575-4d4f-a711-1ee1ae768407)
ok: [WIN-12] => (item=Variable set: CalculateiLOSettingsCompliance_job_template_id = 497a5418-cbc2-4870-a1e7-1fc30c885f2f)
ok: [WIN-11] => (item=Variable set: CollectServerLogs_job_template_id = 2d744494-22d4-4d61-8c65-647ccadeb6b6)
ok: [WIN-12] => (item=Variable set: ColdBoot_job_template_id = aacfb3e0-6575-4d4f-a711-1ee1ae768407)
ok: [WIN-11] => (item=Variable set: CopyServerProfileTemplates_job_template_id = 7134bdd9-dead-40e2-baef-a23b0e6c0bd5)
ok: [WIN-12] => (item=Variable set: CollectServerLogs_job_template_id = 2d744494-22d4-4d61-8c65-647ccadeb6b6)
ok: [WIN-11] => (item=Variable set: CreateOneviewComplianceReport_job_template_id = aae145a1-79a2-4516-b191-c98039c96542)
ok: [WIN-12] => (item=Variable set: CopyServerProfileTemplates_job_template_id = 7134bdd9-dead-40e2-baef-a23b0e6c0bd5)
ok: [WIN-11] => (item=Variable set: DeleteVCenter_job_template_id = 3f06fd6b-dfb1-4bad-bd04-939951797e97)
ok: [WIN-12] => (item=Variable set: CreateOneviewComplianceReport_job_template_id = aae145a1-79a2-4516-b191-c98039c96542)
ok: [WIN-11] => (item=Variable set: FirmwareDownload_job_template_id = 0683ada8-1a89-49dd-bf04-6df715b708a6)
ok: [WIN-12] => (item=Variable set: DeleteVCenter_job_template_id = 3f06fd6b-dfb1-4bad-bd04-939951797e97)
ok: [WIN-11] => (item=Variable set: FirmwareUpdate_New_job_template_id = fd54a96c-cabc-42e3-aee3-374a2d009dba)
ok: [WIN-12] => (item=Variable set: FirmwareDownload_job_template_id = 0683ada8-1a89-49dd-bf04-6df715b708a6)
ok: [WIN-11] => (item=Variable set: GatewayDiscoverIlos_job_template_id = d0afcc35-c6a9-4d05-adc8-f9e686b5fdfc)
ok: [WIN-12] => (item=Variable set: FirmwareUpdate_New_job_template_id = fd54a96c-cabc-42e3-aee3-374a2d009dba)
ok: [WIN-11] => (item=Variable set: GatewayReboot_job_template_id = 91afe709-8b0d-4162-81d5-2a365e0359f3)
ok: [WIN-12] => (item=Variable set: GatewayDiscoverIlos_job_template_id = d0afcc35-c6a9-4d05-adc8-f9e686b5fdfc)
ok: [WIN-11] => (item=Variable set: GetDeviceAndSoftwareInventory_job_template_id = ee5d8016-6b9f-4410-9d55-e05e3e86a0c8)
ok: [WIN-12] => (item=Variable set: GatewayReboot_job_template_id = 91afe709-8b0d-4162-81d5-2a365e0359f3)
ok: [WIN-11] => (item=Variable set: GetFullServerInventory_job_template_id = d6595f1b-84e6-4587-ade5-656e2a5ea20d)
ok: [WIN-12] => (item=Variable set: GetDeviceAndSoftwareInventory_job_template_id = ee5d8016-6b9f-4410-9d55-e05e3e86a0c8)
ok: [WIN-11] => (item=Variable set: GetIloSecurityParams_job_template_id = e3fef4ec-eb72-43ff-bea5-13501353b501)
ok: [WIN-12] => (item=Variable set: GetFullServerInventory_job_template_id = d6595f1b-84e6-4587-ade5-656e2a5ea20d)
ok: [WIN-11] => (item=Variable set: GetOneviewServerInventory_job_template_id = a0124cb1-00f1-46b7-818f-a9eb5f60591f)
ok: [WIN-12] => (item=Variable set: GetIloSecurityParams_job_template_id = e3fef4ec-eb72-43ff-bea5-13501353b501)
ok: [WIN-11] => (item=Variable set: GetOneViewSettings_job_template_id = fc16aa48-c73c-4463-9112-e061383ebfa9)
ok: [WIN-12] => (item=Variable set: GetOneviewServerInventory_job_template_id = a0124cb1-00f1-46b7-818f-a9eb5f60591f)
ok: [WIN-11] => (item=Variable set: GetPowerMeterData_job_template_id = 50fa7d05-5941-4e8e-90c3-5995f1d600a8)
ok: [WIN-12] => (item=Variable set: GetOneViewSettings_job_template_id = fc16aa48-c73c-4463-9112-e061383ebfa9)
ok: [WIN-11] => (item=Variable set: GetServerExternalStorage_job_template_id = 9310319e-7b7f-41ba-8b24-8b34eed1ca62)
ok: [WIN-11] => (item=Variable set: GetSettingsForTemplate_job_template_id = 6cd671db-ce6b-45ce-894e-7b5ae23e0399)
ok: [WIN-12] => (item=Variable set: GetPowerMeterData_job_template_id = 50fa7d05-5941-4e8e-90c3-5995f1d600a8)
ok: [WIN-11] => (item=Variable set: GetSSOUrl_job_template_id = 2c7de503-77af-4340-b68d-7a26e5359b8e)
ok: [WIN-12] => (item=Variable set: GetServerExternalStorage_job_template_id = 9310319e-7b7f-41ba-8b24-8b34eed1ca62)
ok: [WIN-11] => (item=Variable set: GetTelemetryDriveMetrics_job_template_id = ee46afcf-4f47-45b5-a958-cb9b02bb0e00)
ok: [WIN-12] => (item=Variable set: GetSettingsForTemplate_job_template_id = 6cd671db-ce6b-45ce-894e-7b5ae23e0399)
ok: [WIN-11] => (item=Variable set: GroupAddActions_job_template_id = 3eeff1ea-8419-4335-aaf3-796ef50789ba)
ok: [WIN-12] => (item=Variable set: GetSSOUrl_job_template_id = 2c7de503-77af-4340-b68d-7a26e5359b8e)
ok: [WIN-11] => (item=Variable set: GroupApplianceUpdate_job_template_id = f69f553a-5004-4a08-9283-5b60abd9eb4a)
ok: [WIN-12] => (item=Variable set: GetTelemetryDriveMetrics_job_template_id = ee46afcf-4f47-45b5-a958-cb9b02bb0e00)
ok: [WIN-11] => (item=Variable set: GroupApplyExternalStorage_job_template_id = fcb79270-5954-42e9-9374-6a065b6d494a)
ok: [WIN-12] => (item=Variable set: GroupAddActions_job_template_id = 3eeff1ea-8419-4335-aaf3-796ef50789ba)
ok: [WIN-11] => (item=Variable set: GroupApplyInternalStorageSettings_job_template_id = 54095626-3911-4fea-9741-816e2531994e)
ok: [WIN-12] => (item=Variable set: GroupApplianceUpdate_job_template_id = f69f553a-5004-4a08-9283-5b60abd9eb4a)
ok: [WIN-11] => (item=Variable set: GroupApplyOneviewSettings_job_template_id = a229a162-b43f-45b0-b7bb-692df77b9746)
ok: [WIN-12] => (item=Variable set: GroupApplyExternalStorage_job_template_id = fcb79270-5954-42e9-9374-6a065b6d494a)
ok: [WIN-11] => (item=Variable set: GroupApplyServerSettings_job_template_id = beff07ce-f36d-4699-9ac3-f872dcd63133)
ok: [WIN-12] => (item=Variable set: GroupApplyInternalStorageSettings_job_template_id = 54095626-3911-4fea-9741-816e2531994e)
ok: [WIN-11] => (item=Variable set: GroupCopyServerProfileTemplates_job_template_id = db3620d4-19a4-4b54-9804-83f8f59d48a4)
ok: [WIN-12] => (item=Variable set: GroupApplyOneviewSettings_job_template_id = a229a162-b43f-45b0-b7bb-692df77b9746)
ok: [WIN-11] => (item=Variable set: GroupExternalStorageCompliance_job_template_id = 7177aa6a-e8f8-4e9b-ae31-e01dafcc81df)
ok: [WIN-12] => (item=Variable set: GroupApplyServerSettings_job_template_id = beff07ce-f36d-4699-9ac3-f872dcd63133)
ok: [WIN-11] => (item=Variable set: GroupFirmwareCompliance_job_template_id = 23b8ba2a-6c46-4223-b028-919382c7dcac)
ok: [WIN-12] => (item=Variable set: GroupCopyServerProfileTemplates_job_template_id = db3620d4-19a4-4b54-9804-83f8f59d48a4)
ok: [WIN-11] => (item=Variable set: GroupFirmwareDownload_job_template_id = a17a7aa9-4540-4c21-bbf2-31af4ff65e98)
ok: [WIN-12] => (item=Variable set: GroupExternalStorageCompliance_job_template_id = 7177aa6a-e8f8-4e9b-ae31-e01dafcc81df)
ok: [WIN-11] => (item=Variable set: GroupFirmwareUpdate_job_template_id = 91159b5e-9eeb-11ec-a9da-00155dc0a0c0)
ok: [WIN-12] => (item=Variable set: GroupFirmwareCompliance_job_template_id = 23b8ba2a-6c46-4223-b028-919382c7dcac)
ok: [WIN-11] => (item=Variable set: GroupGetIloSecurityParams_job_template_id = 08be2b1b-a9b3-4abb-82a2-8048f35dbccb)
ok: [WIN-12] => (item=Variable set: GroupFirmwareDownload_job_template_id = a17a7aa9-4540-4c21-bbf2-31af4ff65e98)
ok: [WIN-11] => (item=Variable set: GroupIloFirmwareUpdate_job_template_id = 512fb1f2-516f-4bda-bc84-e623947858e4)
ok: [WIN-12] => (item=Variable set: GroupFirmwareUpdate_job_template_id = 91159b5e-9eeb-11ec-a9da-00155dc0a0c0)
ok: [WIN-11] => (item=Variable set: GroupiLOSettingsCompliance_job_template_id = a55c8b26-3c57-4044-a4ee-1d0e3c108286)
ok: [WIN-12] => (item=Variable set: GroupGetIloSecurityParams_job_template_id = 08be2b1b-a9b3-4abb-82a2-8048f35dbccb)
ok: [WIN-11] => (item=Variable set: GroupOSInstallation_job_template_id = e2952628-2629-4088-93db-91742304ef0c)
ok: [WIN-12] => (item=Variable set: GroupIloFirmwareUpdate_job_template_id = 512fb1f2-516f-4bda-bc84-e623947858e4)
ok: [WIN-11] => (item=Variable set: GroupServerInventoryReport_job_template_id = 2dfe138a-21b7-4797-8c6b-4d8e7e5f847c)
ok: [WIN-12] => (item=Variable set: GroupiLOSettingsCompliance_job_template_id = a55c8b26-3c57-4044-a4ee-1d0e3c108286)
ok: [WIN-11] => (item=Variable set: IloOnlyFirmwareUpdate_job_template_id = 94caa4ef-9ff8-4805-9e97-18a09e673b66)
ok: [WIN-12] => (item=Variable set: GroupOSInstallation_job_template_id = e2952628-2629-4088-93db-91742304ef0c)
ok: [WIN-11] => (item=Variable set: iLOSecurity_job_template_id = e1d69e76-38cc-4079-9192-a380baea2973)
ok: [WIN-12] => (item=Variable set: GroupServerInventoryReport_job_template_id = 2dfe138a-21b7-4797-8c6b-4d8e7e5f847c)
ok: [WIN-11] => (item=Variable set: OrchestratorAddUpdateServerTemplates_job_template_id = abfda355-6e58-4c00-be0a-af35dbd70398)
ok: [WIN-12] => (item=Variable set: IloOnlyFirmwareUpdate_job_template_id = 94caa4ef-9ff8-4805-9e97-18a09e673b66)
ok: [WIN-11] => (item=Variable set: OrchestratorDriveMetrics_job_template_id = 1f3ca251-a008-4fed-b53e-6521cce61b97)
ok: [WIN-12] => (item=Variable set: iLOSecurity_job_template_id = e1d69e76-38cc-4079-9192-a380baea2973)
ok: [WIN-11] => (item=Variable set: PowerOff_New_job_template_id = d0c13b58-748c-461f-9a61-c0c5c71f1bb4)
ok: [WIN-12] => (item=Variable set: OrchestratorAddUpdateServerTemplates_job_template_id = abfda355-6e58-4c00-be0a-af35dbd70398)
ok: [WIN-11] => (item=Variable set: PowerOn_New_job_template_id = 0cbb2377-1834-488d-840c-d5bf788c34fb)
ok: [WIN-12] => (item=Variable set: OrchestratorDriveMetrics_job_template_id = 1f3ca251-a008-4fed-b53e-6521cce61b97)
ok: [WIN-11] => (item=Variable set: ReconnectCredentialServer_job_template_id = d9713316-58f3-464e-bc69-1dd0728fa0d5)
ok: [WIN-12] => (item=Variable set: PowerOff_New_job_template_id = d0c13b58-748c-461f-9a61-c0c5c71f1bb4)
ok: [WIN-11] => (item=Variable set: ResetIlo_job_template_id = 394b492c-8d88-4e4e-a775-1a95cb5f1065)
ok: [WIN-12] => (item=Variable set: PowerOn_New_job_template_id = 0cbb2377-1834-488d-840c-d5bf788c34fb)
ok: [WIN-11] => (item=Variable set: Restart_New_job_template_id = 30110551-cad6-4069-95b8-dbce9bbd8525)
ok: [WIN-12] => (item=Variable set: ReconnectCredentialServer_job_template_id = d9713316-58f3-464e-bc69-1dd0728fa0d5)
ok: [WIN-11] => (item=Variable set: ServerMaintenanceModeDisable_job_template_id = 2798720f-b090-427d-b210-e48d33ce2f27)
ok: [WIN-12] => (item=Variable set: ResetIlo_job_template_id = 394b492c-8d88-4e4e-a775-1a95cb5f1065)
ok: [WIN-11] => (item=Variable set: ServerMaintenanceModeEnable_job_template_id = 4eb92af1-1ce4-4cb0-8581-fb5a7dcdbf2b)
ok: [WIN-12] => (item=Variable set: Restart_New_job_template_id = 30110551-cad6-4069-95b8-dbce9bbd8525)
ok: [WIN-11] => (item=Variable set: ServerNetworkConnectivity_job_template_id = b21ca9e2-8a1b-11ee-b9d1-0242ac120002)
ok: [WIN-12] => (item=Variable set: ServerMaintenanceModeDisable_job_template_id = 2798720f-b090-427d-b210-e48d33ce2f27)
ok: [WIN-11] => (item=Variable set: SetIloSettings_job_template_id = cf4f929b-d44a-4a90-93a9-820955458fd4)
ok: [WIN-12] => (item=Variable set: ServerMaintenanceModeEnable_job_template_id = 4eb92af1-1ce4-4cb0-8581-fb5a7dcdbf2b)
ok: [WIN-11] => (item=Variable set: UidIndicatorOff_job_template_id = fd837434-a2f2-4bc8-b1b4-ec068bd036aa)
ok: [WIN-12] => (item=Variable set: ServerNetworkConnectivity_job_template_id = b21ca9e2-8a1b-11ee-b9d1-0242ac120002)
ok: [WIN-11] => (item=Variable set: UidIndicatorOn_job_template_id = a46b210a-b0c7-4223-ab43-c4c1e77e680c)
ok: [WIN-12] => (item=Variable set: SetIloSettings_job_template_id = cf4f929b-d44a-4a90-93a9-820955458fd4)
ok: [WIN-11] => (item=Variable set: UpdateCredentialBasedServer_job_template_id = f399e08a-6fed-45ba-a646-88d20691ff0f)
ok: [WIN-12] => (item=Variable set: UidIndicatorOff_job_template_id = fd837434-a2f2-4bc8-b1b4-ec068bd036aa)
ok: [WIN-11] => (item=Variable set: VcenterFirmwareBundlesSync_job_template_id = 0fe73adb-9d52-4f00-9540-6ec82f265d82)
ok: [WIN-12] => (item=Variable set: UidIndicatorOn_job_template_id = a46b210a-b0c7-4223-ab43-c4c1e77e680c)
ok: [WIN-12] => (item=Variable set: UpdateCredentialBasedServer_job_template_id = f399e08a-6fed-45ba-a646-88d20691ff0f)
ok: [WIN-12] => (item=Variable set: VcenterFirmwareBundlesSync_job_template_id = 0fe73adb-9d52-4f00-9540-6ec82f265d82)

TASK [Ensure hostname is supported for Windows server 'WIN-11'] ****************
ok: [WIN-11] => {
    "changed": false,
    "msg": "All assertions passed"
}
ok: [WIN-12] => {
    "changed": false,
    "msg": "All assertions passed"
}

TASK [Capture server 'CZ2311004H' information] *********************************
ok: [WIN-11 -> localhost]
ok: [WIN-12 -> localhost]

TASK [Exit if server 'CZ2311004H' does not exist] ******************************
skipping: [WIN-11]
skipping: [WIN-12]

TASK [Capture server 'CZ2311004H' id, uri and connection status] ***************
ok: [WIN-11]
ok: [WIN-12]

TASK [Exit if server 'CZ2311004H' is not connected to COM] *********************
skipping: [WIN-11]
skipping: [WIN-12]

TASK [Wait until server 'CZ2311004H' hardware information (generation, model, power state) is populated] ***
ok: [WIN-11 -> localhost]
ok: [WIN-12 -> localhost]

TASK [Capture server 'CZ2311004H' generation, model, power state and iLO IP] ***
ok: [WIN-11]
ok: [WIN-12]

TASK [debug] *******************************************************************
ok: [WIN-11] => {
    "msg": [
        "Generation: GEN_10",
        "Model: ProLiant DL360 Gen10 Plus",
        "ID: P28948-B21+CZ2311004H",
        "URI: /compute-ops-mgmt/v1beta2/servers/P28948-B21+CZ2311004H",
        "Connection status: True",
        "iLO IP: 192.168.0.21",
        "Power state: OFF"
    ]
}
ok: [WIN-12] => {
    "msg": [
        "Generation: GEN_11",
        "Model: ProLiant DL365 Gen11",
        "ID: P53933-B21+CZJ3100GD9",
        "URI: /compute-ops-mgmt/v1beta2/servers/P53933-B21+CZJ3100GD9",
        "Connection status: True",
        "iLO IP: 192.168.1.56",
        "Power state: OFF"
    ]
}

TASK [Wait until the server 'CZ2311004H' inventory information is available (necessary when the server has recently been added to COM) then capture the data] ***
ok: [WIN-11 -> localhost]
ok: [WIN-12 -> localhost]

TASK [Wait until the complete discovery of server 'CZ2311004H' is complete (necessary when the server has recently been added to COM).] ***
ok: [WIN-11 -> localhost]
ok: [WIN-12 -> localhost]

TASK [Power on the server 'CZ2311004H' to get the storage inventory information (only if not already ON)] ***
ok: [WIN-12 -> localhost]
ok: [WIN-11 -> localhost]

TASK [Report that server 'CZ2311004H' is already powered on (skipping power on)] ***
skipping: [WIN-11]
skipping: [WIN-12]

TASK [Set a variable for the job resource URI] *********************************
ok: [WIN-11]
ok: [WIN-12]

TASK [Wait for the server power on job to complete] ****************************
FAILED - RETRYING: [WIN-12 -> localhost]: Wait for the server power on job to complete (60 retries left).
FAILED - RETRYING: [WIN-11 -> localhost]: Wait for the server power on job to complete (60 retries left).
FAILED - RETRYING: [WIN-11 -> localhost]: Wait for the server power on job to complete (59 retries left).
FAILED - RETRYING: [WIN-12 -> localhost]: Wait for the server power on job to complete (59 retries left).
FAILED - RETRYING: [WIN-11 -> localhost]: Wait for the server power on job to complete (58 retries left).
FAILED - RETRYING: [WIN-12 -> localhost]: Wait for the server power on job to complete (58 retries left).
ok: [WIN-11 -> localhost]
FAILED - RETRYING: [WIN-12 -> localhost]: Wait for the server power on job to complete (57 retries left).
ok: [WIN-12 -> localhost]

TASK [Display the server power on job result] **********************************
ok: [WIN-11] => {
    "msg": [
        "State: COMPLETE",
        "ResultCode: SUCCESS",
        "Status: Complete"
    ]
}
ok: [WIN-12] => {
    "msg": [
        "State: COMPLETE",
        "ResultCode: SUCCESS",
        "Status: Complete"
    ]
}

TASK [Exit when server power on job is failing] ********************************
skipping: [WIN-11]
skipping: [WIN-12]

TASK [Check if workload profile 'Virtualization - Power Efficient' exists] *****
ok: [WIN-11 -> localhost]
ok: [WIN-12 -> localhost]

TASK [Exit if workload profile 'Virtualization - Power Efficient' does not exist] ***
skipping: [WIN-11]
skipping: [WIN-12]

TASK [Set a variable for the resourceUri of workload profile 'Virtualization - Power Efficient'] ***
ok: [WIN-11]
ok: [WIN-12]

TASK [Wait until the storage inventory of server 'CZ2311004H' is populated then capture the inventory] ***
ok: [WIN-12 -> localhost]
ok: [WIN-11 -> localhost]

TASK [Capture the server 'CZ2311004H' inventory information] *******************
ok: [WIN-11 -> localhost]
ok: [WIN-12 -> localhost]

TASK [Capture the presence of a NS204i NVMe boot controller in server 'CZ2311004H'] ***
ok: [WIN-11] => (item=never)
skipping: [WIN-12] => (item=never) 
skipping: [WIN-11] => (item=never) 
ok: [WIN-12] => (item=never)
skipping: [WIN-12] => (item=never) 
skipping: [WIN-12] => (item=never) 
skipping: [WIN-12] => (item=never) 
skipping: [WIN-12] => (item=never) 

TASK [debug] *******************************************************************
ok: [WIN-11] => {
    "msg": "NS204i found in server 'CZ2311004H'! NVMe RAID1 volume will be used as the target volume for the installation of Windows!"
}
ok: [WIN-12] => {
    "msg": "NS204i found in server 'CZJ3100GD9'! NVMe RAID1 volume will be used as the target volume for the installation of Windows!"
}

TASK [debug] *******************************************************************
skipping: [WIN-11]
skipping: [WIN-12]

TASK [Capture size of the NS204i RAID1 volume if any] **************************
skipping: [WIN-12] => (item=never) 
ok: [WIN-11] => (item=never)
skipping: [WIN-11] => (item=never) 
ok: [WIN-12] => (item=never)
skipping: [WIN-12] => (item=never) 
skipping: [WIN-12] => (item=never) 
skipping: [WIN-12] => (item=never) 
skipping: [WIN-12] => (item=never) 

TASK [debug] *******************************************************************
ok: [WIN-11] => {
    "msg": "Size of NS204i volume: 447.1 GB"
}
ok: [WIN-12] => {
    "msg": "Size of NS204i volume: 447.1 GB"
}

TASK [Capture storage RAID controller information when an HPE MR or SR controller is used with available drives] ***
skipping: [WIN-11] => (item=never) 
skipping: [WIN-11] => (item=never) 
skipping: [WIN-11]
skipping: [WIN-12] => (item=never) 
skipping: [WIN-12] => (item=never) 
skipping: [WIN-12] => (item=never) 
skipping: [WIN-12] => (item=never) 
skipping: [WIN-12] => (item=never) 
skipping: [WIN-12] => (item=never) 
skipping: [WIN-12]

TASK [Set a variable for the name of the storage RAID controller found] ********
skipping: [WIN-11]
skipping: [WIN-12]

TASK [debug] *******************************************************************
skipping: [WIN-11]
skipping: [WIN-12]

TASK [Capture size of the HPE MR or SR RAID1 volume if any] ********************
skipping: [WIN-11] => (item=never) 
skipping: [WIN-11] => (item=never) 
skipping: [WIN-11]
skipping: [WIN-12] => (item=never) 
skipping: [WIN-12] => (item=never) 
skipping: [WIN-12] => (item=never) 
skipping: [WIN-12] => (item=never) 
skipping: [WIN-12] => (item=never) 
skipping: [WIN-12] => (item=never) 
skipping: [WIN-12]

TASK [debug] *******************************************************************
skipping: [WIN-11]
skipping: [WIN-12]

TASK [Set controller type if disk found and when no NS204i and no SR/MR controller with disk available found] ***
skipping: [WIN-11] => (item=never) 
skipping: [WIN-11] => (item=never) 
skipping: [WIN-11]
skipping: [WIN-12] => (item=never) 
skipping: [WIN-12] => (item=never) 
skipping: [WIN-12] => (item=never) 
skipping: [WIN-12] => (item=never) 
skipping: [WIN-12] => (item=never) 
skipping: [WIN-12] => (item=never) 
skipping: [WIN-12]

TASK [debug] *******************************************************************
skipping: [WIN-11]
skipping: [WIN-12]

TASK [Exit if no NS204i and no SR/MR controller with disk available found and no local disk found] ***
skipping: [WIN-11]
skipping: [WIN-12]

TASK [Set a variable for the name of the storage controller when no NS204i and no SR/MR controller with disk available found] ***
skipping: [WIN-11]
skipping: [WIN-12]

TASK [debug] *******************************************************************
skipping: [WIN-11]
skipping: [WIN-12]

TASK [Capture size of the local disk if any] ***********************************
skipping: [WIN-11] => (item=never) 
skipping: [WIN-11] => (item=never) 
skipping: [WIN-12] => (item=never) 
skipping: [WIN-11]
skipping: [WIN-12] => (item=never) 
skipping: [WIN-12] => (item=never) 
skipping: [WIN-12] => (item=never) 
skipping: [WIN-12] => (item=never) 
skipping: [WIN-12] => (item=never) 
skipping: [WIN-12]

TASK [debug] *******************************************************************
skipping: [WIN-11]
skipping: [WIN-12]

TASK [Set a controller type variable for kickstart creation when a NS204i controller or local disk is present] ***
ok: [WIN-11]
ok: [WIN-12]

TASK [Set a controller type variable for kickstart creation when there is no NS204i but an SR/MR controller is present.] ***
skipping: [WIN-11]
skipping: [WIN-12]

TASK [debug] *******************************************************************
ok: [WIN-11] => {
    "msg": "Controller type found that will be used by autounattend.xml: NS204i"
}
ok: [WIN-12] => {
    "msg": "Controller type found that will be used by autounattend.xml: NS204i"
}

TASK [Check if settings 'RAID1' already exist] *********************************
skipping: [WIN-11]
skipping: [WIN-12]

TASK [Create internal storage configuration using 'RAID1' with a volume size of '-1' GB for the OS boot volume when it does not exist] ***
skipping: [WIN-11]
skipping: [WIN-12]

TASK [Result of the 'RAID1' creation task] *************************************
skipping: [WIN-11]
skipping: [WIN-12]

TASK [Set a variable for the resourceUri of the internal storage configuration 'RAID1' just created] ***
skipping: [WIN-11]
skipping: [WIN-12]

TASK [Update internal storage configuration using 'RAID1' with a volume size of '-1' GB for the OS boot volume] ***
skipping: [WIN-11]
skipping: [WIN-12]

TASK [Result of the 'RAID1' update task] ***************************************
skipping: [WIN-11]
skipping: [WIN-12]

TASK [Set a variable for the resourceUri of the internal storage configuration 'RAID1' just updated] ***
skipping: [WIN-11]
skipping: [WIN-12]

TASK [debug] *******************************************************************
skipping: [WIN-11]
skipping: [WIN-12]

TASK [Create server group name 'WIN-11_server_group' variable] *****************
ok: [WIN-11]
ok: [WIN-12]

TASK [Check if group 'WIN-11_server_group' already exists] *********************
ok: [WIN-12 -> localhost]
ok: [WIN-11 -> localhost]

TASK [Create temporary group 'WIN-11_server_group' with no local storage configuration definition (if it does not exist)] ***
ok: [WIN-11 -> localhost]
ok: [WIN-12 -> localhost]

TASK [Display response of the temporary group 'WIN-11_server_group' creation request] ***
ok: [WIN-11] => {
    "server_group_result.msg": "OK (1255 bytes)"
}
ok: [WIN-12] => {
    "server_group_result.msg": "OK (1255 bytes)"
}

TASK [Set variables for the id and the resourceUri of temporary group 'WIN-11_server_group' just created] ***
ok: [WIN-11]
ok: [WIN-12]

TASK [Update temporary group 'WIN-11_server_group' with no local storage configuration definition (if it does exist)] ***
skipping: [WIN-11]
skipping: [WIN-12]

TASK [Display response of the temporary group 'WIN-11_server_group' update request] ***
skipping: [WIN-11]
skipping: [WIN-12]

TASK [Set variables for the id and the resourceUri of temporary group 'WIN-11_server_group' just updated] ***
skipping: [WIN-11]
skipping: [WIN-12]

TASK [debug] *******************************************************************
ok: [WIN-11] => {
    "temporary_group_id": "f8673eac-2eea-4fee-9d3f-d3413e670b8e"
}
ok: [WIN-12] => {
    "temporary_group_id": "c7572f0b-1df3-44e6-aea0-27bdfba357a3"
}

TASK [debug] *******************************************************************
ok: [WIN-11] => {
    "temporary_group_resourceuri": "/compute-ops-mgmt/v1/groups/f8673eac-2eea-4fee-9d3f-d3413e670b8e"
}
ok: [WIN-12] => {
    "temporary_group_resourceuri": "/compute-ops-mgmt/v1/groups/c7572f0b-1df3-44e6-aea0-27bdfba357a3"
}

TASK [Create temporary group 'WIN-11_server_group' with local storage configuration definition (if it does not exist)] ***
skipping: [WIN-11]
skipping: [WIN-12]

TASK [Display response of the temporary group 'WIN-11_server_group' creation request] ***
skipping: [WIN-11]
skipping: [WIN-12]

TASK [Set variables for the id and the resourceUri of temporary group 'WIN-11_server_group' just created] ***
skipping: [WIN-11]
skipping: [WIN-12]

TASK [Update temporary group 'WIN-11_server_group' with no local storage configuration definition (if it does exist)] ***
skipping: [WIN-11]
skipping: [WIN-12]

TASK [Display response of the temporary group 'WIN-11_server_group' update request] ***
skipping: [WIN-11]
skipping: [WIN-12]

TASK [Set variables for the id and the resourceUri of temporary group 'WIN-11_server_group' just updated] ***
skipping: [WIN-11]
skipping: [WIN-12]

TASK [debug] *******************************************************************
ok: [WIN-11] => {
    "temporary_group_id": "f8673eac-2eea-4fee-9d3f-d3413e670b8e"
}
ok: [WIN-12] => {
    "temporary_group_id": "c7572f0b-1df3-44e6-aea0-27bdfba357a3"
}

TASK [debug] *******************************************************************
ok: [WIN-11] => {
    "temporary_group_resourceuri": "/compute-ops-mgmt/v1/groups/f8673eac-2eea-4fee-9d3f-d3413e670b8e"
}
ok: [WIN-12] => {
    "temporary_group_resourceuri": "/compute-ops-mgmt/v1/groups/c7572f0b-1df3-44e6-aea0-27bdfba357a3"
}

TASK [Check if server 'CZ2311004H' is already member of a server group] ********
ok: [WIN-12 -> localhost]
ok: [WIN-11 -> localhost]

TASK [Capture the id of the server group of which the server 'CZ2311004H' is a member (if applicable)] ***
skipping: [WIN-11]
skipping: [WIN-12]

TASK [debug] *******************************************************************
skipping: [WIN-11]
skipping: [WIN-12]

TASK [Remove server 'CZ2311004H' from the server group of which it is currently a member] ***
skipping: [WIN-11]
skipping: [WIN-12]

TASK [Wait for deletion to complete] *******************************************
skipping: [WIN-11]

TASK [Assign server 'CZ2311004H' to temporary group 'WIN-11_server_group'] *****
ok: [WIN-11 -> localhost]
ok: [WIN-12 -> localhost]

TASK [Display response of the group assignment task] ***************************
ok: [WIN-11] => {
    "group_assignment_result.msg": "OK (0 bytes)"
}
ok: [WIN-12] => {
    "group_assignment_result.msg": "OK (0 bytes)"
}

TASK [Check if WinPE image ISO file 'WinPEx64.iso' exists in '/home/labrat/ISOs/windowsisosrc' on 'ansible.lj.lab'] ***
ok: [WIN-12 -> localhost]
ok: [WIN-11 -> localhost]

TASK [Create the directory '/home/labrat/ISOs/windowsisosrc' to host the WinPE ISO file on 'ansible.lj.lab'] ***
skipping: [WIN-11]
skipping: [WIN-12]

TASK [Check if WinPE image ISO 'https://liogw.lj.lab/deployment/WinPEx64.iso' exists] ***
skipping: [WIN-11]
skipping: [WIN-12]

TASK [Download file 'WinPEx64.iso' to 'ansible.lj.lab' in '/home/labrat/ISOs/windowsisosrc' if not present] ***
skipping: [WIN-11]
skipping: [WIN-12]

TASK [Create '/mnt/WIN-11-WinPE' on 'ansible.lj.lab'] **************************
ok: [WIN-11 -> localhost]
ok: [WIN-12 -> localhost]

TASK [Create '/home/labrat/staging/baremetal/WIN-11-WinPE/' on 'ansible.lj.lab' if it does not exist] ***
changed: [WIN-11 -> localhost]
changed: [WIN-12 -> localhost]

TASK [Mount WinPE ISO '/home/labrat/ISOs/windowsisosrc/WinPEx64.iso' to '/mnt/WIN-11-WinPE/'] ***
changed: [WIN-11 -> localhost]
changed: [WIN-12 -> localhost]

TASK [Copy WinPE files to '/home/labrat/staging/baremetal/WIN-11-WinPE/' on 'ansible.lj.lab'] ***
changed: [WIN-12 -> localhost]
changed: [WIN-11 -> localhost]

TASK [Unmount directory '/mnt/WIN-11-WinPE'] ***********************************
changed: [WIN-11 -> localhost]
changed: [WIN-12 -> localhost]

TASK [Create autounattend.xml file with customized values in '/home/labrat/staging/baremetal/WIN-11-WinPE/'] ***
changed: [WIN-11 -> localhost]
changed: [WIN-12 -> localhost]

TASK [Copying HPE AMS package file to WIN-11] **********************************
changed: [WIN-11 -> localhost]
changed: [WIN-12 -> localhost]

TASK [Copying HPE iLO CHIF driver package file to WIN-11] **********************
changed: [WIN-11 -> localhost]
changed: [WIN-12 -> localhost]

TASK [Create 'Pre_installation_script.ps1' in WinPE root to start the OS installation] ***
changed: [WIN-11 -> localhost]
changed: [WIN-12 -> localhost]

TASK [Add `Pre_installation_script.ps1` to the boot.wim image] *****************
changed: [WIN-12 -> localhost]
changed: [WIN-11 -> localhost]

TASK [Remove `Pre_installation_script.ps1` from WinPE root] ********************
changed: [WIN-11 -> localhost]
changed: [WIN-12 -> localhost]

TASK [Create 'Run_Pre_installation_script.cmd' in WinPE root to run the PowerShell scripts and then start the unattend installation of Windows server] ***
changed: [WIN-11 -> localhost]
changed: [WIN-12 -> localhost]

TASK [Add `Run_Pre_installation_script.cmd` to the boot.wim image] *************
changed: [WIN-11 -> localhost]
changed: [WIN-12 -> localhost]

TASK [Remove `Run_Pre_installation_script.cmd` from WinPE root] ****************
changed: [WIN-11 -> localhost]
changed: [WIN-12 -> localhost]

TASK [Inject 'efisys_noprompt.bin' to 'efi/microsoft/boot/' to avoid the Press any key to boot from CD message during the WinPE boot] ***
changed: [WIN-11 -> localhost]
changed: [WIN-12 -> localhost]

TASK [Set permissions to allow the user running the Ansible playbook to delete the folder '/home/labrat/staging/baremetal/WIN-11-WinPE'] ***
changed: [WIN-12 -> localhost]
changed: [WIN-11 -> localhost]

TASK [Creating customized bootable WinPE ISO in "/home/labrat/staging/baremetal/WIN-11-WinPE/"] ***
changed: [WIN-12 -> localhost]
changed: [WIN-11 -> localhost]

TASK [Create '/usr/share/nginx/html/isos/' on 'ansible.lj.lab' if it does not exist] ***
ok: [WIN-12 -> localhost]
ok: [WIN-11 -> localhost]

TASK [Move created WinPE ISO to the nginx default html folder. ISO URL='http://ansible.lj.lab/isos/WIN-11-WinPE.iso'] ***
changed: [WIN-12 -> localhost]
changed: [WIN-11 -> localhost]

TASK [Update SELinux security contexts so that Nginx is allowed to serve content from the '/usr/share/nginx/html/isos/' directory.] ***
changed: [WIN-11 -> localhost]
changed: [WIN-12 -> localhost]

TASK [Check if the operating system image server setting 'OS_Image_WIN2022_for_WIN-11' exists] ***
ok: [WIN-12 -> localhost]
ok: [WIN-11 -> localhost]

TASK [Create an operating system image server setting 'OS_Image_WIN2022_for_WIN-11' if it does not exist] ***
ok: [WIN-11 -> localhost]
ok: [WIN-12 -> localhost]

TASK [Result of the 'OS_Image_WIN2022_for_WIN-11' creation task] ***************
ok: [WIN-11] => {
    "OS_image_server_setting_result.msg": "OK (442 bytes)"
}
ok: [WIN-12] => {
    "OS_image_server_setting_result.msg": "OK (442 bytes)"
}

TASK [Set variables for the id and the resourceUri of the OS Image configuration 'OS_Image_WIN2022_for_WIN-11' just created] ***
ok: [WIN-11]
ok: [WIN-12]

TASK [Update the operating system image server setting 'OS_Image_WIN2022_for_WIN-11' if it does not exist] ***
skipping: [WIN-11]
skipping: [WIN-12]

TASK [Result of the 'OS_Image_WIN2022_for_WIN-11' update task] *****************
skipping: [WIN-11]
skipping: [WIN-12]

TASK [Set variables for the id and the resourceUri of the OS Image configuration 'OS_Image_WIN2022_for_WIN-11' just updated] ***
skipping: [WIN-11]
skipping: [WIN-12]

TASK [debug] *******************************************************************
ok: [WIN-11] => {
    "OS_image_server_setting_resourceuri": "/compute-ops-mgmt/v1/settings/cee171ca-cde1-41d6-a567-3589d2cde671"
}
ok: [WIN-12] => {
    "OS_image_server_setting_resourceuri": "/compute-ops-mgmt/v1/settings/bb8dd048-7c5b-487b-9b1a-98fc75d2acdb"
}

TASK [debug] *******************************************************************
ok: [WIN-11] => {
    "OS_image_server_setting_id": "cee171ca-cde1-41d6-a567-3589d2cde671"
}
ok: [WIN-12] => {
    "OS_image_server_setting_id": "bb8dd048-7c5b-487b-9b1a-98fc75d2acdb"
}

TASK [Update temporary group 'WIN-11_server_group' to add OS image installation settings with NS204i] ***
ok: [WIN-12 -> localhost]
ok: [WIN-11 -> localhost]

TASK [Display response of the group 'WIN-11_server_group' update request with NS204i] ***
ok: [WIN-11] => {
    "server_group_result.msg": "OK (1817 bytes)"
}
ok: [WIN-12] => {
    "server_group_result.msg": "OK (1811 bytes)"
}

TASK [Update temporary group 'WIN-11_server_group' to add OS image installation settings with storage controller (without NS204i)] ***
skipping: [WIN-11]
skipping: [WIN-12]

TASK [Display response of the group 'WIN-11_server_group' update request with storage controller] ***
skipping: [WIN-11]
skipping: [WIN-12]

TASK [Start OS image installation in group 'WIN-11_server_group'] **************
ok: [WIN-12 -> localhost]
ok: [WIN-11 -> localhost]

TASK [Display response of the OS image installation request in group 'WIN-11_server_group'] ***
ok: [WIN-11] => {
    "group_os_installation_result.msg": "OK (819 bytes)"
}
ok: [WIN-12] => {
    "group_os_installation_result.msg": "OK (819 bytes)"
}

TASK [Wait for the OS image installation of server 'CZ2311004H' to complete] ***
FAILED - RETRYING: [WIN-11 -> localhost]: Wait for the OS image installation of server 'CZ2311004H' to complete (60 retries left).
FAILED - RETRYING: [WIN-12 -> localhost]: Wait for the OS image installation of server 'CZ2311004H' to complete (60 retries left).
FAILED - RETRYING: [WIN-11 -> localhost]: Wait for the OS image installation of server 'CZ2311004H' to complete (59 retries left).
FAILED - RETRYING: [WIN-12 -> localhost]: Wait for the OS image installation of server 'CZ2311004H' to complete (59 retries left).
FAILED - RETRYING: [WIN-12 -> localhost]: Wait for the OS image installation of server 'CZ2311004H' to complete (58 retries left).
FAILED - RETRYING: [WIN-11 -> localhost]: Wait for the OS image installation of server 'CZ2311004H' to complete (58 retries left).
FAILED - RETRYING: [WIN-12 -> localhost]: Wait for the OS image installation of server 'CZ2311004H' to complete (57 retries left).
FAILED - RETRYING: [WIN-11 -> localhost]: Wait for the OS image installation of server 'CZ2311004H' to complete (57 retries left).
FAILED - RETRYING: [WIN-12 -> localhost]: Wait for the OS image installation of server 'CZ2311004H' to complete (56 retries left).
FAILED - RETRYING: [WIN-11 -> localhost]: Wait for the OS image installation of server 'CZ2311004H' to complete (56 retries left).
FAILED - RETRYING: [WIN-12 -> localhost]: Wait for the OS image installation of server 'CZ2311004H' to complete (55 retries left).
FAILED - RETRYING: [WIN-11 -> localhost]: Wait for the OS image installation of server 'CZ2311004H' to complete (55 retries left).
FAILED - RETRYING: [WIN-12 -> localhost]: Wait for the OS image installation of server 'CZ2311004H' to complete (54 retries left).
FAILED - RETRYING: [WIN-11 -> localhost]: Wait for the OS image installation of server 'CZ2311004H' to complete (54 retries left).
FAILED - RETRYING: [WIN-11 -> localhost]: Wait for the OS image installation of server 'CZ2311004H' to complete (53 retries left).
FAILED - RETRYING: [WIN-12 -> localhost]: Wait for the OS image installation of server 'CZ2311004H' to complete (53 retries left).
FAILED - RETRYING: [WIN-11 -> localhost]: Wait for the OS image installation of server 'CZ2311004H' to complete (52 retries left).
FAILED - RETRYING: [WIN-12 -> localhost]: Wait for the OS image installation of server 'CZ2311004H' to complete (52 retries left).
FAILED - RETRYING: [WIN-11 -> localhost]: Wait for the OS image installation of server 'CZ2311004H' to complete (51 retries left).
FAILED - RETRYING: [WIN-12 -> localhost]: Wait for the OS image installation of server 'CZ2311004H' to complete (51 retries left).
FAILED - RETRYING: [WIN-12 -> localhost]: Wait for the OS image installation of server 'CZ2311004H' to complete (50 retries left).
FAILED - RETRYING: [WIN-11 -> localhost]: Wait for the OS image installation of server 'CZ2311004H' to complete (50 retries left).
FAILED - RETRYING: [WIN-12 -> localhost]: Wait for the OS image installation of server 'CZ2311004H' to complete (49 retries left).
FAILED - RETRYING: [WIN-11 -> localhost]: Wait for the OS image installation of server 'CZ2311004H' to complete (49 retries left).
FAILED - RETRYING: [WIN-12 -> localhost]: Wait for the OS image installation of server 'CZ2311004H' to complete (48 retries left).
FAILED - RETRYING: [WIN-11 -> localhost]: Wait for the OS image installation of server 'CZ2311004H' to complete (48 retries left).
FAILED - RETRYING: [WIN-12 -> localhost]: Wait for the OS image installation of server 'CZ2311004H' to complete (47 retries left).
FAILED - RETRYING: [WIN-11 -> localhost]: Wait for the OS image installation of server 'CZ2311004H' to complete (47 retries left).
FAILED - RETRYING: [WIN-11 -> localhost]: Wait for the OS image installation of server 'CZ2311004H' to complete (46 retries left).
FAILED - RETRYING: [WIN-12 -> localhost]: Wait for the OS image installation of server 'CZ2311004H' to complete (46 retries left).
FAILED - RETRYING: [WIN-11 -> localhost]: Wait for the OS image installation of server 'CZ2311004H' to complete (45 retries left).
FAILED - RETRYING: [WIN-12 -> localhost]: Wait for the OS image installation of server 'CZ2311004H' to complete (45 retries left).
FAILED - RETRYING: [WIN-12 -> localhost]: Wait for the OS image installation of server 'CZ2311004H' to complete (44 retries left).
FAILED - RETRYING: [WIN-11 -> localhost]: Wait for the OS image installation of server 'CZ2311004H' to complete (44 retries left).
FAILED - RETRYING: [WIN-11 -> localhost]: Wait for the OS image installation of server 'CZ2311004H' to complete (43 retries left).
FAILED - RETRYING: [WIN-12 -> localhost]: Wait for the OS image installation of server 'CZ2311004H' to complete (43 retries left).
FAILED - RETRYING: [WIN-12 -> localhost]: Wait for the OS image installation of server 'CZ2311004H' to complete (42 retries left).
FAILED - RETRYING: [WIN-11 -> localhost]: Wait for the OS image installation of server 'CZ2311004H' to complete (42 retries left).
FAILED - RETRYING: [WIN-12 -> localhost]: Wait for the OS image installation of server 'CZ2311004H' to complete (41 retries left).
FAILED - RETRYING: [WIN-11 -> localhost]: Wait for the OS image installation of server 'CZ2311004H' to complete (41 retries left).
FAILED - RETRYING: [WIN-12 -> localhost]: Wait for the OS image installation of server 'CZ2311004H' to complete (40 retries left).
FAILED - RETRYING: [WIN-11 -> localhost]: Wait for the OS image installation of server 'CZ2311004H' to complete (40 retries left).
FAILED - RETRYING: [WIN-12 -> localhost]: Wait for the OS image installation of server 'CZ2311004H' to complete (39 retries left).
FAILED - RETRYING: [WIN-11 -> localhost]: Wait for the OS image installation of server 'CZ2311004H' to complete (39 retries left).
FAILED - RETRYING: [WIN-11 -> localhost]: Wait for the OS image installation of server 'CZ2311004H' to complete (38 retries left).
FAILED - RETRYING: [WIN-12 -> localhost]: Wait for the OS image installation of server 'CZ2311004H' to complete (38 retries left).
FAILED - RETRYING: [WIN-12 -> localhost]: Wait for the OS image installation of server 'CZ2311004H' to complete (37 retries left).
ok: [WIN-11 -> localhost]
FAILED - RETRYING: [WIN-12 -> localhost]: Wait for the OS image installation of server 'CZ2311004H' to complete (36 retries left).
FAILED - RETRYING: [WIN-12 -> localhost]: Wait for the OS image installation of server 'CZ2311004H' to complete (35 retries left).
FAILED - RETRYING: [WIN-12 -> localhost]: Wait for the OS image installation of server 'CZ2311004H' to complete (34 retries left).
FAILED - RETRYING: [WIN-12 -> localhost]: Wait for the OS image installation of server 'CZ2311004H' to complete (33 retries left).
ok: [WIN-12 -> localhost]

TASK [Exit if operating system image installation task of server 'CZ2311004H' failed to complete] ***
skipping: [WIN-11]
skipping: [WIN-12]

TASK [Remove server 'CZ2311004H' from temporary group 'WIN-11_server_group'] ***
ok: [WIN-12 -> localhost]
ok: [WIN-11 -> localhost]

TASK [Wait for deletion to complete] *******************************************
Pausing for 15 seconds
(ctrl+C then 'C' = continue early, ctrl+C then 'A' = abort)
ok: [WIN-11]

TASK [Display response of the temporary group unassignment task] ***************
ok: [WIN-11] => {
    "group_unassignment_result.msg": "OK (0 bytes)"
}
ok: [WIN-12] => {
    "group_unassignment_result.msg": "OK (0 bytes)"
}

TASK [Delete temporary group 'WIN-11_server_group'] ****************************
ok: [WIN-11 -> localhost]
ok: [WIN-12 -> localhost]

TASK [Display response of the temporary group deletion task] *******************
ok: [WIN-11] => {
    "server_group_deletion_result.msg": "OK (unknown bytes)"
}
ok: [WIN-12] => {
    "server_group_deletion_result.msg": "OK (unknown bytes)"
}

TASK [Delete operating system image server setting 'OS_Image_WIN2022_for_WIN-11'] ***
ok: [WIN-11 -> localhost]
ok: [WIN-12 -> localhost]

TASK [Display response of the operating system image server setting deletion task] ***
ok: [WIN-11] => {
    "OS_image_server_setting_deletion_result.msg": "OK (unknown bytes)"
}
ok: [WIN-12] => {
    "OS_image_server_setting_deletion_result.msg": "OK (unknown bytes)"
}

TASK [Create a kickstart backup directory if it does not exist] ****************
ok: [WIN-11 -> localhost]
ok: [WIN-12 -> localhost]

TASK [Create a backup of the unattend file named 'WIN-11_unattend.xml' in '/home/labrat/staging/kickstarts_backup/WIN' folder] ***
changed: [WIN-11 -> localhost]
changed: [WIN-12 -> localhost]

TASK [Delete all related files from staging location and nginx web server folder] ***
changed: [WIN-11 -> localhost]
changed: [WIN-12 -> localhost]

PLAY [DNS record for the bare metal Windows server] ****************************

TASK [Add 'WIN-11' with '192.168.3.178' on 'dc.lj.lab' in 'lj.lab' DNS domain] ***
changed: [WIN-11 -> dc.lj.lab]
changed: [WIN-12 -> dc.lj.lab]

PLAY [Installing SUT on the server for online installation of HPE drivers and software] ***

TASK [Collecting product_id found in install.xml file of the HPE Integrated Smart Update Tools (HPE SUT) package] ***
changed: [WIN-11 -> localhost]
changed: [WIN-12 -> localhost]

TASK [Ensure C:\HPE_Packages directory exists on 'WIN-11'] *********************
ok: [WIN-12]
ok: [WIN-11]

TASK [Copy HPE SUT package 'iSUT-4.6.0.0-cp058255.exe' to 'WIN-11'] ************
ok: [WIN-12]
changed: [WIN-11]

TASK [Install HPE SUT on 'WIN-11'] *********************************************
ok: [WIN-11]
ok: [WIN-12]

TASK [Wait for HPE SUT to be installed] ****************************************
changed: [WIN-12]
changed: [WIN-11]

TASK [Initiate HPE SUT service] ************************************************
changed: [WIN-12]
changed: [WIN-11]

TASK [Rebooting the server as required after installing HPE SUT] ***************
changed: [WIN-12]
changed: [WIN-11]

TASK [Wait for HPE SUT service to be in 'Running' state] ***********************
FAILED - RETRYING: [WIN-12]: Wait for HPE SUT service to be in 'Running' state (10 retries left).
FAILED - RETRYING: [WIN-11]: Wait for HPE SUT service to be in 'Running' state (10 retries left).
FAILED - RETRYING: [WIN-12]: Wait for HPE SUT service to be in 'Running' state (9 retries left).
FAILED - RETRYING: [WIN-11]: Wait for HPE SUT service to be in 'Running' state (9 retries left).
FAILED - RETRYING: [WIN-12]: Wait for HPE SUT service to be in 'Running' state (8 retries left).
FAILED - RETRYING: [WIN-11]: Wait for HPE SUT service to be in 'Running' state (8 retries left).
changed: [WIN-12]
FAILED - RETRYING: [WIN-11]: Wait for HPE SUT service to be in 'Running' state (7 retries left).
changed: [WIN-11]

TASK [Fail if HPE SUT Service status is not running] ***************************
skipping: [WIN-11]
skipping: [WIN-12]

TASK [Check HPE AMS service status] ********************************************
changed: [WIN-12]
changed: [WIN-11]

TASK [Display the HPE AMS Service status] **************************************
ok: [WIN-11] => {
    "msg": "Running"
}
ok: [WIN-12] => {
    "msg": "Running"
}

TASK [Fail if HPE AMS Service status is not running] ***************************
skipping: [WIN-11]
skipping: [WIN-12]

TASK [Joining domain lj.lab] ***************************************************
ok: [WIN-12]
changed: [WIN-11]

TASK [Set fact for the first host in inventory] ********************************
ok: [WIN-11]
ok: [WIN-12]

TASK [Collect firmware bundles] ************************************************
skipping: [WIN-12]
ok: [WIN-11 -> localhost]

TASK [Set variable for Gen10 firmware bundle '2025.11.00.00'] ******************
ok: [WIN-11]
skipping: [WIN-12]

TASK [Exit if Gen10 firmware bundle '2025.11.00.00' does not exist] ************
skipping: [WIN-11]
skipping: [WIN-12]

TASK [debug] *******************************************************************
ok: [WIN-11] => {
    "Gen10_10p_firmware_bundle_ID": "efa0f78b19144f69af9bf32c7a974cbd"
}
skipping: [WIN-12]

TASK [Set variable for Gen11 firmware bundle '2025.11.01.00'] ******************
ok: [WIN-11]
skipping: [WIN-12]

TASK [Exit if Gen11 firmware bundle '2025.11.01.00' does not exist] ************
skipping: [WIN-11]
skipping: [WIN-12]

TASK [debug] *******************************************************************
ok: [WIN-11] => {
    "Gen11_firmware_bundle_ID": "0c4fda93c0c54f4a9ef2ae4de4ccd128"
}
skipping: [WIN-12]

TASK [Set variable for Gen12 firmware bundle '2025.11.01.00'] ******************
ok: [WIN-11]
skipping: [WIN-12]

TASK [Exit if Gen12 firmware bundle '2025.11.01.00' does not exist] ************
skipping: [WIN-11]
skipping: [WIN-12]

TASK [debug] *******************************************************************
ok: [WIN-11] => {
    "Gen12_firmware_bundle_ID": "391c8f4745734f0886880497b2510aa8"
}
skipping: [WIN-12]

TASK [Fail if the firmware baselines for Gen10/Gen10+ and Gen11 servers could not be found.] ***
skipping: [WIN-11]
skipping: [WIN-12]

TASK [Fail if the firmware baseline for Gen10/Gen10+ servers could not be found.] ***
skipping: [WIN-11]
skipping: [WIN-12]

TASK [Fail if the firmware baseline for Gen11 servers could not be found.] *****
skipping: [WIN-11]
skipping: [WIN-12]

TASK [Fail if the firmware baseline for Gen12 servers could not be found.] *****
skipping: [WIN-11]
skipping: [WIN-12]

TASK [Set firmware bundle id for Gen10/Gen10+ server] **************************
ok: [WIN-11]
skipping: [WIN-12]

TASK [Set firmware bundle id for Gen11 server] *********************************
skipping: [WIN-11]
skipping: [WIN-12]

TASK [Set firmware bundle id for Gen12 server] *********************************
skipping: [WIN-11]
skipping: [WIN-12]

TASK [debug] *******************************************************************
ok: [WIN-11] => {
    "bundle_id": "efa0f78b19144f69af9bf32c7a974cbd"
}
skipping: [WIN-12]

TASK [Check if the firmware server setting 'Windows Server firmware baseline' exists] ***
skipping: [WIN-12]
ok: [WIN-11 -> localhost]

TASK [Create the firmware server setting 'Windows Server firmware baseline'] ***
skipping: [WIN-11]
skipping: [WIN-12]

TASK [Display response of the firmware server setting 'Windows Server firmware baseline' creation request] ***
skipping: [WIN-11]
skipping: [WIN-12]

TASK [Set variable for the resourceuri of the firmware server setting 'Windows Server firmware baseline' just created] ***
skipping: [WIN-11]
skipping: [WIN-12]

TASK [Update the firmware server setting 'Windows Server firmware baseline'] ***
skipping: [WIN-12]
ok: [WIN-11 -> localhost]

TASK [Display response of the firmware server setting 'Windows Server firmware baseline' update task] ***
ok: [WIN-11] => {
    "firmware_server_setting_result.msg": "OK (722 bytes)"
}
skipping: [WIN-12]

TASK [Set variable for the resourceuri of the firmware server setting 'Windows Server firmware baseline' just updated] ***
skipping: [WIN-12]
ok: [WIN-11]

TASK [debug] *******************************************************************
ok: [WIN-11] => {
    "firmware_server_setting_resourceuri": "/compute-ops-mgmt/v1/settings/b0a6ddaa-d6c1-48f0-af27-6e2315b6944c"
}
skipping: [WIN-12]

TASK [Check if definitive group 'WIN_group' already exist] *********************
skipping: [WIN-12]
ok: [WIN-11 -> localhost]

TASK [Create definitive group 'WIN_group' if it does not exist] ****************
skipping: [WIN-11]
skipping: [WIN-12]

TASK [Display response of the definitive group 'WIN_group' creation request] ***
skipping: [WIN-11]
skipping: [WIN-12]

TASK [Set variables for the id and the resourceUri of the definitive group 'WIN_group' just created] ***
skipping: [WIN-11]
skipping: [WIN-12]

TASK [Update definitive group 'WIN_group' if it does exist] ********************
skipping: [WIN-12]
ok: [WIN-11 -> localhost]

TASK [Display response of the group 'WIN_group' update request] ****************
ok: [WIN-11] => {
    "definitive_server_group_result.msg": "OK (1281 bytes)"
}
skipping: [WIN-12]

TASK [Set variables for the id and the resourceUri of the existing definitive group 'WIN_group' just updated] ***
skipping: [WIN-12]
ok: [WIN-11]

TASK [debug] *******************************************************************
ok: [WIN-11] => {
    "definitive_group_id": "3652ee7d-362d-40dc-9b02-a6b2c7c5feba"
}
skipping: [WIN-12]

TASK [debug] *******************************************************************
ok: [WIN-11] => {
    "definitive_group_resourceuri": "/compute-ops-mgmt/v1/groups/3652ee7d-362d-40dc-9b02-a6b2c7c5feba"
}
skipping: [WIN-12]

TASK [Gather subset facts on localhost] ****************************************
ok: [WIN-11 -> localhost]
ok: [WIN-12 -> localhost]

TASK [Capture the start time of the firmware update (will be used later to filter COM activities, etc.)] ***
ok: [WIN-11]
ok: [WIN-12]

TASK [Display the start time of the firmware update] ***************************
ok: [WIN-11] => {
    "msg": "2026-07-24T06:49:49Z"
}
ok: [WIN-12] => {
    "msg": "2026-07-24T06:49:48Z"
}

TASK [Get definitive group 'WIN_group' information] ****************************
ok: [WIN-11 -> localhost]
ok: [WIN-12 -> localhost]

TASK [Set variable for existing definitive group 'WIN_group' id] ***************
ok: [WIN-11]
ok: [WIN-12]

TASK [Check if server 'CZ2311004H' is already member of definitive server group 'WIN_group'] ***
ok: [WIN-11]
ok: [WIN-12]

TASK [Add server 'CZ2311004H' to definitive server group 'WIN_group'] **********
ok: [WIN-12 -> localhost]
ok: [WIN-11 -> localhost]

TASK [Display response of the group assignment task] ***************************
ok: [WIN-11] => {
    "group_assignment_result.msg": "OK (0 bytes)"
}
ok: [WIN-12] => {
    "group_assignment_result.msg": "OK (0 bytes)"
}

TASK [Wait for assignment to truly complete] ***********************************
Pausing for 15 seconds
(ctrl+C then 'C' = continue early, ctrl+C then 'A' = abort)
ok: [WIN-11]

TASK [Build the list of device ids for the servers being provisioned in this run (first host only)] ***
skipping: [WIN-12]
ok: [WIN-11]

TASK [Display the server IDs found (first host only)] **************************
ok: [WIN-11] => {
    "server_ids": [
        "P28948-B21+CZ2311004H",
        "P53933-B21+CZJ3100GD9"
    ]
}
skipping: [WIN-12]

TASK [Create HPE Compute Ops Management session] *******************************
ok: [WIN-11 -> localhost]
ok: [WIN-12 -> localhost]

TASK [Set variable access_token for the bearer token] **************************
ok: [WIN-11]
ok: [WIN-12]

TASK [Start a group firmware update job using the defined firmware baseline (first host only)] ***
skipping: [WIN-12]
ok: [WIN-11 -> localhost]

TASK [Display response of the group firmware update job (first host only)] *****
ok: [WIN-11] => {
    "group_firmware_update_job.msg": "OK (875 bytes)"
}
skipping: [WIN-12]

TASK [Capture the resourceUri of the group firmware update job (first host only)] ***
ok: [WIN-11]
skipping: [WIN-12]

TASK [Display the group firmware update job resource uri (first host only)] ****
ok: [WIN-11] => {
    "group_firmware_update_job_resourceUri": "/compute-ops-mgmt/v1/jobs/08dd6692-693d-4281-907f-e83d4222b4d9"
}
skipping: [WIN-12]

TASK [Wait for the group firmware update job to complete (first host only)] ****
skipping: [WIN-12]
FAILED - RETRYING: [WIN-11 -> localhost]: Wait for the group firmware update job to complete (first host only) (600 retries left).
FAILED - RETRYING: [WIN-11 -> localhost]: Wait for the group firmware update job to complete (first host only) (599 retries left).
FAILED - RETRYING: [WIN-11 -> localhost]: Wait for the group firmware update job to complete (first host only) (598 retries left).
FAILED - RETRYING: [WIN-11 -> localhost]: Wait for the group firmware update job to complete (first host only) (597 retries left).
FAILED - RETRYING: [WIN-11 -> localhost]: Wait for the group firmware update job to complete (first host only) (596 retries left).
FAILED - RETRYING: [WIN-11 -> localhost]: Wait for the group firmware update job to complete (first host only) (595 retries left).
ok: [WIN-11 -> localhost]

TASK [Display the group firmware update job result (first host only)] **********
ok: [WIN-11] => {
    "msg": [
        "State: COMPLETE",
        "ResultCode: SUCCESS",
        "Status: Complete"
    ]
}
skipping: [WIN-12]

TASK [Get the latest activity of server 'CZ2311004H'] **************************
ok: [WIN-12 -> localhost]
ok: [WIN-11 -> localhost]

TASK [Extract items containing 'Firmware update'] ******************************
ok: [WIN-11]
ok: [WIN-12]

TASK [Display the firmware update activity status when successful] *************
ok: [WIN-11] => {
    "msg": [
        "Message: Firmware update successful",
        "",
        "**Note:** The server firmware is already up to date with specified baseline SPP 2025.11.00.00 (12 Dec 2025) and component versions higher than the baseline were not downgraded.",
        ""
    ]
}
ok: [WIN-12] => {
    "msg": [
        "Message: Firmware update successful",
        "",
        "**Note:** The server firmware is already up to date with specified baseline SPP 2025.11.01.00 (10 Feb 2026) and component versions higher than the baseline were not downgraded.",
        ""
    ]
}

TASK [Display the firmware update activity status with recommanded actions when failed] ***
skipping: [WIN-11]
skipping: [WIN-12]

TASK [Capture server information] **********************************************
ok: [WIN-11 -> localhost]
ok: [WIN-12 -> localhost]

TASK [Capture last firmware update information if any] *************************
skipping: [WIN-11]
skipping: [WIN-12]

TASK [Display server last firmware update information if up-to-date] ***********
skipping: [WIN-11]
skipping: [WIN-12]

TASK [Force update of current timestamp] ***************************************
ok: [WIN-12 -> localhost]
ok: [WIN-11 -> localhost]

TASK [Get runtime] *************************************************************
ok: [WIN-11]
ok: [WIN-12]

TASK [Status of the OS installation with the firmware update with HPE drivers and software] ***
skipping: [WIN-11]
skipping: [WIN-12]

TASK [Status of the OS installation with the firmware update without HPE drivers and software] ***
ok: [WIN-11] => {
    "msg": [
        "WIN-11.lj.lab installation and firmware updates completed successfully!",
        "OS is configured and running.",
        "The provisioning task took 0:44:50."
    ]
}
ok: [WIN-12] => {
    "msg": [
        "WIN-12.lj.lab installation and firmware updates completed successfully!",
        "OS is configured and running.",
        "The provisioning task took 0:44:50."
    ]
}

TASK [Status of the OS installation with firmware update failure] **************
skipping: [WIN-11]
skipping: [WIN-12]

PLAY RECAP *********************************************************************
WIN-11                     : ok=143  changed=29   unreachable=0    failed=0    skipped=71   rescued=0    ignored=0   
WIN-12                     : ok=113  changed=27   unreachable=0    failed=0    skipped=98   rescued=0    ignored=0   